23:48:59 **** Incremental Build of configuration Debug for project 009_FreeRTOS_BinSemaphore ****
make -j12 all 
arm-none-eabi-gcc "../Core/Src/main.c" -mcpu=cortex-m4 -std=gnu11 -g3 -DUSE_HAL_DRIVER -DDEBUG -DSTM32F407xx -c -I"D:/Microcontroller/STM32F40x/STM32F4_RTOS/RTOS_workspace/009_FreeRTOS_BinSemaphore/ThirdParty/SEGGER/Config" -I"D:/Microcontroller/STM32F40x/STM32F4_RTOS/RTOS_workspace/009_FreeRTOS_BinSemaphore/ThirdParty/SEGGER/SEGGER" -I"D:/Microcontroller/STM32F40x/STM32F4_RTOS/RTOS_workspace/009_FreeRTOS_BinSemaphore/ThirdParty/FreeRTOS/include" -I"D:/Microcontroller/STM32F40x/STM32F4_RTOS/RTOS_workspace/009_FreeRTOS_BinSemaphore/ThirdParty/FreeRTOS/portable/GCC/ARM_CM4F" -I../Drivers/CMSIS/Include -I../Drivers/STM32F4xx_HAL_Driver/Inc -I../Core/Inc -I../Drivers/CMSIS/Device/ST/STM32F4xx/Include -I"D:/Microcontroller/STM32F40x/STM32F4_RTOS/RTOS_workspace/009_FreeRTOS_BinSemaphore/ThirdParty/SEGGER/OS" -I../Drivers/STM32F4xx_HAL_Driver/Inc/Legacy -I"D:/Microcontroller/STM32F40x/STM32F4_RTOS/RTOS_workspace/009_FreeRTOS_BinSemaphore/ThirdParty/FreeRTOS" -O0 -ffunction-sections -fdata-sections -Wall -fstack-usage -fcyclomatic-complexity -MMD -MP -MF"Core/Src/main.d" -MT"Core/Src/main.o" --specs=nano.specs -mfpu=fpv4-sp-d16 -mfloat-abi=hard -mthumb -o "Core/Src/main.o"
../Core/Src/main.c: In function 'ManagerTask':
../Core/Src/main.c:326:29: warning: implicit declaration of function 'rand' [-Wimplicit-function-declaration]
  326 |                 idTicket = (rand() & 0x1F);
      |                             ^~~~
arm-none-eabi-gcc -o "009_FreeRTOS_BinSemaphore.elf" @"objects.list"   -mcpu=cortex-m4 -T"D:\Microcontroller\STM32F40x\STM32F4_RTOS\RTOS_workspace\009_FreeRTOS_BinSemaphore\STM32F407VGTX_FLASH.ld" --specs=nosys.specs -Wl,-Map="009_FreeRTOS_BinSemaphore.map" -Wl,--gc-sections -static --specs=nano.specs -mfpu=fpv4-sp-d16 -mfloat-abi=hard -mthumb -Wl,--start-group -lc -lm -Wl,--end-group
C:/ST/STM32CubeIDE_1.17.0/STM32CubeIDE/plugins/com.st.stm32cube.ide.mcu.externaltools.gnu-tools-for-stm32.12.3.rel1.win32_1.1.0.202410251130/tools/bin/../lib/gcc/arm-none-eabi/12.3.1/../../../../arm-none-eabi/bin/ld.exe: warning: 009_FreeRTOS_BinSemaphore.elf has a LOAD segment with RWX permissions
Finished building target: 009_FreeRTOS_BinSemaphore.elf
 
arm-none-eabi-size  009_FreeRTOS_BinSemaphore.elf 
arm-none-eabi-objdump -h -S 009_FreeRTOS_BinSemaphore.elf  > "009_FreeRTOS_BinSemaphore.list"
   text	   data	    bss	    dec	    hex	filename
  29028	    120	  80736	 109884	  1ad3c	009_FreeRTOS_BinSemaphore.elf
Finished building: default.size.stdout
 
Finished building: 009_FreeRTOS_BinSemaphore.list
 

23:49:00 Build Finished. 0 errors, 2 warnings. (took 807ms)

