21:30:30 **** Build of configuration Debug for project STM32_FreeRTOS_Bin_Sema_Tasks ****
make -j12 all 
arm-none-eabi-gcc -mcpu=cortex-m4 -g3 -c -I"D:/Microcontroller/STM32F40x/STM32F4_RTOS/RTOS_workspace/STM32_FreeRTOS_Bin_Sema_Tasks/StdPeriph_Driver/inc" -I"D:/Microcontroller/STM32F40x/STM32F4_RTOS/RTOS_workspace/STM32_FreeRTOS_Bin_Sema_Tasks/inc" -I"D:/Microcontroller/STM32F40x/STM32F4_RTOS/RTOS_workspace/STM32_FreeRTOS_Bin_Sema_Tasks/CMSIS/device" -I"D:/Microcontroller/STM32F40x/STM32F4_RTOS/RTOS_workspace/STM32_FreeRTOS_Bin_Sema_Tasks/CMSIS/core" -x assembler-with-cpp -MMD -MP -MF"startup/startup_stm32.d" -MT"startup/startup_stm32.o" --specs=nano.specs -mfpu=fpv4-sp-d16 -mfloat-abi=hard -mthumb -o "startup/startup_stm32.o" "../startup/startup_stm32.s"
arm-none-eabi-gcc "../src/main.c" -mcpu=cortex-m4 -std=gnu11 -g3 -DSTM32 -DSTM32F4 -DSTM32F446RETx -DNUCLEO_F446RE -DDEBUG -DSTM32F446xx -DUSE_STDPERIPH_DRIVER -c -I"D:/Microcontroller/STM32F40x/STM32F4_RTOS/RTOS_workspace/STM32_FreeRTOS_Bin_Sema_Tasks/StdPeriph_Driver/inc" -I"D:/Microcontroller/STM32F40x/STM32F4_RTOS/RTOS_workspace/STM32_FreeRTOS_Bin_Sema_Tasks/Config" -I"D:/Microcontroller/STM32F40x/STM32F4_RTOS/RTOS_workspace/STM32_FreeRTOS_Bin_Sema_Tasks/Third-Party/FreeRTOS/org/Source/include" -I"D:/Microcontroller/STM32F40x/STM32F4_RTOS/RTOS_workspace/STM32_FreeRTOS_Bin_Sema_Tasks/Third-Party/FreeRTOS/org/Source/portable/GCC/ARM_CM4F" -I"D:/Microcontroller/STM32F40x/STM32F4_RTOS/RTOS_workspace/STM32_FreeRTOS_Bin_Sema_Tasks/Third-Party/SEGGER/Config" -I"D:/Microcontroller/STM32F40x/STM32F4_RTOS/RTOS_workspace/STM32_FreeRTOS_Bin_Sema_Tasks/Third-Party/SEGGER/OS" -I"D:/Microcontroller/STM32F40x/STM32F4_RTOS/RTOS_workspace/STM32_FreeRTOS_Bin_Sema_Tasks/Third-Party/SEGGER/SEGGER" -I"D:/Microcontroller/STM32F40x/STM32F4_RTOS/RTOS_workspace/STM32_FreeRTOS_Bin_Sema_Tasks/inc" -I"D:/Microcontroller/STM32F40x/STM32F4_RTOS/RTOS_workspace/STM32_FreeRTOS_Bin_Sema_Tasks/CMSIS/device" -I"D:/Microcontroller/STM32F40x/STM32F4_RTOS/RTOS_workspace/STM32_FreeRTOS_Bin_Sema_Tasks/CMSIS/core" -O0 -ffunction-sections -Wall -fstack-usage -fcyclomatic-complexity -MMD -MP -MF"src/main.d" -MT"src/main.o" --specs=nano.specs -mfpu=fpv4-sp-d16 -mfloat-abi=hard -mthumb -o "src/main.o"
arm-none-eabi-gcc "../src/syscalls.c" -mcpu=cortex-m4 -std=gnu11 -g3 -DSTM32 -DSTM32F4 -DSTM32F446RETx -DNUCLEO_F446RE -DDEBUG -DSTM32F446xx -DUSE_STDPERIPH_DRIVER -c -I"D:/Microcontroller/STM32F40x/STM32F4_RTOS/RTOS_workspace/STM32_FreeRTOS_Bin_Sema_Tasks/StdPeriph_Driver/inc" -I"D:/Microcontroller/STM32F40x/STM32F4_RTOS/RTOS_workspace/STM32_FreeRTOS_Bin_Sema_Tasks/Config" -I"D:/Microcontroller/STM32F40x/STM32F4_RTOS/RTOS_workspace/STM32_FreeRTOS_Bin_Sema_Tasks/Third-Party/FreeRTOS/org/Source/include" -I"D:/Microcontroller/STM32F40x/STM32F4_RTOS/RTOS_workspace/STM32_FreeRTOS_Bin_Sema_Tasks/Third-Party/FreeRTOS/org/Source/portable/GCC/ARM_CM4F" -I"D:/Microcontroller/STM32F40x/STM32F4_RTOS/RTOS_workspace/STM32_FreeRTOS_Bin_Sema_Tasks/Third-Party/SEGGER/Config" -I"D:/Microcontroller/STM32F40x/STM32F4_RTOS/RTOS_workspace/STM32_FreeRTOS_Bin_Sema_Tasks/Third-Party/SEGGER/OS" -I"D:/Microcontroller/STM32F40x/STM32F4_RTOS/RTOS_workspace/STM32_FreeRTOS_Bin_Sema_Tasks/Third-Party/SEGGER/SEGGER" -I"D:/Microcontroller/STM32F40x/STM32F4_RTOS/RTOS_workspace/STM32_FreeRTOS_Bin_Sema_Tasks/inc" -I"D:/Microcontroller/STM32F40x/STM32F4_RTOS/RTOS_workspace/STM32_FreeRTOS_Bin_Sema_Tasks/CMSIS/device" -I"D:/Microcontroller/STM32F40x/STM32F4_RTOS/RTOS_workspace/STM32_FreeRTOS_Bin_Sema_Tasks/CMSIS/core" -O0 -ffunction-sections -Wall -fstack-usage -fcyclomatic-complexity -MMD -MP -MF"src/syscalls.d" -MT"src/syscalls.o" --specs=nano.specs -mfpu=fpv4-sp-d16 -mfloat-abi=hard -mthumb -o "src/syscalls.o"
arm-none-eabi-gcc "../src/system_stm32f4xx.c" -mcpu=cortex-m4 -std=gnu11 -g3 -DSTM32 -DSTM32F4 -DSTM32F446RETx -DNUCLEO_F446RE -DDEBUG -DSTM32F446xx -DUSE_STDPERIPH_DRIVER -c -I"D:/Microcontroller/STM32F40x/STM32F4_RTOS/RTOS_workspace/STM32_FreeRTOS_Bin_Sema_Tasks/StdPeriph_Driver/inc" -I"D:/Microcontroller/STM32F40x/STM32F4_RTOS/RTOS_workspace/STM32_FreeRTOS_Bin_Sema_Tasks/Config" -I"D:/Microcontroller/STM32F40x/STM32F4_RTOS/RTOS_workspace/STM32_FreeRTOS_Bin_Sema_Tasks/Third-Party/FreeRTOS/org/Source/include" -I"D:/Microcontroller/STM32F40x/STM32F4_RTOS/RTOS_workspace/STM32_FreeRTOS_Bin_Sema_Tasks/Third-Party/FreeRTOS/org/Source/portable/GCC/ARM_CM4F" -I"D:/Microcontroller/STM32F40x/STM32F4_RTOS/RTOS_workspace/STM32_FreeRTOS_Bin_Sema_Tasks/Third-Party/SEGGER/Config" -I"D:/Microcontroller/STM32F40x/STM32F4_RTOS/RTOS_workspace/STM32_FreeRTOS_Bin_Sema_Tasks/Third-Party/SEGGER/OS" -I"D:/Microcontroller/STM32F40x/STM32F4_RTOS/RTOS_workspace/STM32_FreeRTOS_Bin_Sema_Tasks/Third-Party/SEGGER/SEGGER" -I"D:/Microcontroller/STM32F40x/STM32F4_RTOS/RTOS_workspace/STM32_FreeRTOS_Bin_Sema_Tasks/inc" -I"D:/Microcontroller/STM32F40x/STM32F4_RTOS/RTOS_workspace/STM32_FreeRTOS_Bin_Sema_Tasks/CMSIS/device" -I"D:/Microcontroller/STM32F40x/STM32F4_RTOS/RTOS_workspace/STM32_FreeRTOS_Bin_Sema_Tasks/CMSIS/core" -O0 -ffunction-sections -Wall -fstack-usage -fcyclomatic-complexity -MMD -MP -MF"src/system_stm32f4xx.d" -MT"src/system_stm32f4xx.o" --specs=nano.specs -mfpu=fpv4-sp-d16 -mfloat-abi=hard -mthumb -o "src/system_stm32f4xx.o"
arm-none-eabi-gcc "../Third-Party/SEGGER/SEGGER/SEGGER_RTT.c" -mcpu=cortex-m4 -std=gnu11 -g3 -DSTM32 -DSTM32F4 -DSTM32F446RETx -DNUCLEO_F446RE -DDEBUG -DSTM32F446xx -DUSE_STDPERIPH_DRIVER -c -I"D:/Microcontroller/STM32F40x/STM32F4_RTOS/RTOS_workspace/STM32_FreeRTOS_Bin_Sema_Tasks/StdPeriph_Driver/inc" -I"D:/Microcontroller/STM32F40x/STM32F4_RTOS/RTOS_workspace/STM32_FreeRTOS_Bin_Sema_Tasks/Config" -I"D:/Microcontroller/STM32F40x/STM32F4_RTOS/RTOS_workspace/STM32_FreeRTOS_Bin_Sema_Tasks/Third-Party/FreeRTOS/org/Source/include" -I"D:/Microcontroller/STM32F40x/STM32F4_RTOS/RTOS_workspace/STM32_FreeRTOS_Bin_Sema_Tasks/Third-Party/FreeRTOS/org/Source/portable/GCC/ARM_CM4F" -I"D:/Microcontroller/STM32F40x/STM32F4_RTOS/RTOS_workspace/STM32_FreeRTOS_Bin_Sema_Tasks/Third-Party/SEGGER/Config" -I"D:/Microcontroller/STM32F40x/STM32F4_RTOS/RTOS_workspace/STM32_FreeRTOS_Bin_Sema_Tasks/Third-Party/SEGGER/OS" -I"D:/Microcontroller/STM32F40x/STM32F4_RTOS/RTOS_workspace/STM32_FreeRTOS_Bin_Sema_Tasks/Third-Party/SEGGER/SEGGER" -I"D:/Microcontroller/STM32F40x/STM32F4_RTOS/RTOS_workspace/STM32_FreeRTOS_Bin_Sema_Tasks/inc" -I"D:/Microcontroller/STM32F40x/STM32F4_RTOS/RTOS_workspace/STM32_FreeRTOS_Bin_Sema_Tasks/CMSIS/device" -I"D:/Microcontroller/STM32F40x/STM32F4_RTOS/RTOS_workspace/STM32_FreeRTOS_Bin_Sema_Tasks/CMSIS/core" -O0 -ffunction-sections -Wall -fstack-usage -fcyclomatic-complexity -MMD -MP -MF"Third-Party/SEGGER/SEGGER/SEGGER_RTT.d" -MT"Third-Party/SEGGER/SEGGER/SEGGER_RTT.o" --specs=nano.specs -mfpu=fpv4-sp-d16 -mfloat-abi=hard -mthumb -o "Third-Party/SEGGER/SEGGER/SEGGER_RTT.o"
arm-none-eabi-gcc "../Third-Party/SEGGER/SEGGER/SEGGER_SYSVIEW.c" -mcpu=cortex-m4 -std=gnu11 -g3 -DSTM32 -DSTM32F4 -DSTM32F446RETx -DNUCLEO_F446RE -DDEBUG -DSTM32F446xx -DUSE_STDPERIPH_DRIVER -c -I"D:/Microcontroller/STM32F40x/STM32F4_RTOS/RTOS_workspace/STM32_FreeRTOS_Bin_Sema_Tasks/StdPeriph_Driver/inc" -I"D:/Microcontroller/STM32F40x/STM32F4_RTOS/RTOS_workspace/STM32_FreeRTOS_Bin_Sema_Tasks/Config" -I"D:/Microcontroller/STM32F40x/STM32F4_RTOS/RTOS_workspace/STM32_FreeRTOS_Bin_Sema_Tasks/Third-Party/FreeRTOS/org/Source/include" -I"D:/Microcontroller/STM32F40x/STM32F4_RTOS/RTOS_workspace/STM32_FreeRTOS_Bin_Sema_Tasks/Third-Party/FreeRTOS/org/Source/portable/GCC/ARM_CM4F" -I"D:/Microcontroller/STM32F40x/STM32F4_RTOS/RTOS_workspace/STM32_FreeRTOS_Bin_Sema_Tasks/Third-Party/SEGGER/Config" -I"D:/Microcontroller/STM32F40x/STM32F4_RTOS/RTOS_workspace/STM32_FreeRTOS_Bin_Sema_Tasks/Third-Party/SEGGER/OS" -I"D:/Microcontroller/STM32F40x/STM32F4_RTOS/RTOS_workspace/STM32_FreeRTOS_Bin_Sema_Tasks/Third-Party/SEGGER/SEGGER" -I"D:/Microcontroller/STM32F40x/STM32F4_RTOS/RTOS_workspace/STM32_FreeRTOS_Bin_Sema_Tasks/inc" -I"D:/Microcontroller/STM32F40x/STM32F4_RTOS/RTOS_workspace/STM32_FreeRTOS_Bin_Sema_Tasks/CMSIS/device" -I"D:/Microcontroller/STM32F40x/STM32F4_RTOS/RTOS_workspace/STM32_FreeRTOS_Bin_Sema_Tasks/CMSIS/core" -O0 -ffunction-sections -Wall -fstack-usage -fcyclomatic-complexity -MMD -MP -MF"Third-Party/SEGGER/SEGGER/SEGGER_SYSVIEW.d" -MT"Third-Party/SEGGER/SEGGER/SEGGER_SYSVIEW.o" --specs=nano.specs -mfpu=fpv4-sp-d16 -mfloat-abi=hard -mthumb -o "Third-Party/SEGGER/SEGGER/SEGGER_SYSVIEW.o"
arm-none-eabi-gcc "../Third-Party/SEGGER/OS/SEGGER_SYSVIEW_FreeRTOS.c" -mcpu=cortex-m4 -std=gnu11 -g3 -DSTM32 -DSTM32F4 -DSTM32F446RETx -DNUCLEO_F446RE -DDEBUG -DSTM32F446xx -DUSE_STDPERIPH_DRIVER -c -I"D:/Microcontroller/STM32F40x/STM32F4_RTOS/RTOS_workspace/STM32_FreeRTOS_Bin_Sema_Tasks/StdPeriph_Driver/inc" -I"D:/Microcontroller/STM32F40x/STM32F4_RTOS/RTOS_workspace/STM32_FreeRTOS_Bin_Sema_Tasks/Config" -I"D:/Microcontroller/STM32F40x/STM32F4_RTOS/RTOS_workspace/STM32_FreeRTOS_Bin_Sema_Tasks/Third-Party/FreeRTOS/org/Source/include" -I"D:/Microcontroller/STM32F40x/STM32F4_RTOS/RTOS_workspace/STM32_FreeRTOS_Bin_Sema_Tasks/Third-Party/FreeRTOS/org/Source/portable/GCC/ARM_CM4F" -I"D:/Microcontroller/STM32F40x/STM32F4_RTOS/RTOS_workspace/STM32_FreeRTOS_Bin_Sema_Tasks/Third-Party/SEGGER/Config" -I"D:/Microcontroller/STM32F40x/STM32F4_RTOS/RTOS_workspace/STM32_FreeRTOS_Bin_Sema_Tasks/Third-Party/SEGGER/OS" -I"D:/Microcontroller/STM32F40x/STM32F4_RTOS/RTOS_workspace/STM32_FreeRTOS_Bin_Sema_Tasks/Third-Party/SEGGER/SEGGER" -I"D:/Microcontroller/STM32F40x/STM32F4_RTOS/RTOS_workspace/STM32_FreeRTOS_Bin_Sema_Tasks/inc" -I"D:/Microcontroller/STM32F40x/STM32F4_RTOS/RTOS_workspace/STM32_FreeRTOS_Bin_Sema_Tasks/CMSIS/device" -I"D:/Microcontroller/STM32F40x/STM32F4_RTOS/RTOS_workspace/STM32_FreeRTOS_Bin_Sema_Tasks/CMSIS/core" -O0 -ffunction-sections -Wall -fstack-usage -fcyclomatic-complexity -MMD -MP -MF"Third-Party/SEGGER/OS/SEGGER_SYSVIEW_FreeRTOS.d" -MT"Third-Party/SEGGER/OS/SEGGER_SYSVIEW_FreeRTOS.o" --specs=nano.specs -mfpu=fpv4-sp-d16 -mfloat-abi=hard -mthumb -o "Third-Party/SEGGER/OS/SEGGER_SYSVIEW_FreeRTOS.o"
arm-none-eabi-gcc "../Third-Party/SEGGER/Config/SEGGER_SYSVIEW_Config_FreeRTOS.c" -mcpu=cortex-m4 -std=gnu11 -g3 -DSTM32 -DSTM32F4 -DSTM32F446RETx -DNUCLEO_F446RE -DDEBUG -DSTM32F446xx -DUSE_STDPERIPH_DRIVER -c -I"D:/Microcontroller/STM32F40x/STM32F4_RTOS/RTOS_workspace/STM32_FreeRTOS_Bin_Sema_Tasks/StdPeriph_Driver/inc" -I"D:/Microcontroller/STM32F40x/STM32F4_RTOS/RTOS_workspace/STM32_FreeRTOS_Bin_Sema_Tasks/Config" -I"D:/Microcontroller/STM32F40x/STM32F4_RTOS/RTOS_workspace/STM32_FreeRTOS_Bin_Sema_Tasks/Third-Party/FreeRTOS/org/Source/include" -I"D:/Microcontroller/STM32F40x/STM32F4_RTOS/RTOS_workspace/STM32_FreeRTOS_Bin_Sema_Tasks/Third-Party/FreeRTOS/org/Source/portable/GCC/ARM_CM4F" -I"D:/Microcontroller/STM32F40x/STM32F4_RTOS/RTOS_workspace/STM32_FreeRTOS_Bin_Sema_Tasks/Third-Party/SEGGER/Config" -I"D:/Microcontroller/STM32F40x/STM32F4_RTOS/RTOS_workspace/STM32_FreeRTOS_Bin_Sema_Tasks/Third-Party/SEGGER/OS" -I"D:/Microcontroller/STM32F40x/STM32F4_RTOS/RTOS_workspace/STM32_FreeRTOS_Bin_Sema_Tasks/Third-Party/SEGGER/SEGGER" -I"D:/Microcontroller/STM32F40x/STM32F4_RTOS/RTOS_workspace/STM32_FreeRTOS_Bin_Sema_Tasks/inc" -I"D:/Microcontroller/STM32F40x/STM32F4_RTOS/RTOS_workspace/STM32_FreeRTOS_Bin_Sema_Tasks/CMSIS/device" -I"D:/Microcontroller/STM32F40x/STM32F4_RTOS/RTOS_workspace/STM32_FreeRTOS_Bin_Sema_Tasks/CMSIS/core" -O0 -ffunction-sections -Wall -fstack-usage -fcyclomatic-complexity -MMD -MP -MF"Third-Party/SEGGER/Config/SEGGER_SYSVIEW_Config_FreeRTOS.d" -MT"Third-Party/SEGGER/Config/SEGGER_SYSVIEW_Config_FreeRTOS.o" --specs=nano.specs -mfpu=fpv4-sp-d16 -mfloat-abi=hard -mthumb -o "Third-Party/SEGGER/Config/SEGGER_SYSVIEW_Config_FreeRTOS.o"
arm-none-eabi-gcc "../Third-Party/FreeRTOS/org/Source/portable/MemMang/heap_4.c" -mcpu=cortex-m4 -std=gnu11 -g3 -DSTM32 -DSTM32F4 -DSTM32F446RETx -DNUCLEO_F446RE -DDEBUG -DSTM32F446xx -DUSE_STDPERIPH_DRIVER -c -I"D:/Microcontroller/STM32F40x/STM32F4_RTOS/RTOS_workspace/STM32_FreeRTOS_Bin_Sema_Tasks/StdPeriph_Driver/inc" -I"D:/Microcontroller/STM32F40x/STM32F4_RTOS/RTOS_workspace/STM32_FreeRTOS_Bin_Sema_Tasks/Config" -I"D:/Microcontroller/STM32F40x/STM32F4_RTOS/RTOS_workspace/STM32_FreeRTOS_Bin_Sema_Tasks/Third-Party/FreeRTOS/org/Source/include" -I"D:/Microcontroller/STM32F40x/STM32F4_RTOS/RTOS_workspace/STM32_FreeRTOS_Bin_Sema_Tasks/Third-Party/FreeRTOS/org/Source/portable/GCC/ARM_CM4F" -I"D:/Microcontroller/STM32F40x/STM32F4_RTOS/RTOS_workspace/STM32_FreeRTOS_Bin_Sema_Tasks/Third-Party/SEGGER/Config" -I"D:/Microcontroller/STM32F40x/STM32F4_RTOS/RTOS_workspace/STM32_FreeRTOS_Bin_Sema_Tasks/Third-Party/SEGGER/OS" -I"D:/Microcontroller/STM32F40x/STM32F4_RTOS/RTOS_workspace/STM32_FreeRTOS_Bin_Sema_Tasks/Third-Party/SEGGER/SEGGER" -I"D:/Microcontroller/STM32F40x/STM32F4_RTOS/RTOS_workspace/STM32_FreeRTOS_Bin_Sema_Tasks/inc" -I"D:/Microcontroller/STM32F40x/STM32F4_RTOS/RTOS_workspace/STM32_FreeRTOS_Bin_Sema_Tasks/CMSIS/device" -I"D:/Microcontroller/STM32F40x/STM32F4_RTOS/RTOS_workspace/STM32_FreeRTOS_Bin_Sema_Tasks/CMSIS/core" -O0 -ffunction-sections -Wall -fstack-usage -fcyclomatic-complexity -MMD -MP -MF"Third-Party/FreeRTOS/org/Source/portable/MemMang/heap_4.d" -MT"Third-Party/FreeRTOS/org/Source/portable/MemMang/heap_4.o" --specs=nano.specs -mfpu=fpv4-sp-d16 -mfloat-abi=hard -mthumb -o "Third-Party/FreeRTOS/org/Source/portable/MemMang/heap_4.o"
arm-none-eabi-gcc "../Third-Party/FreeRTOS/org/Source/portable/GCC/ARM_CM4F/port.c" -mcpu=cortex-m4 -std=gnu11 -g3 -DSTM32 -DSTM32F4 -DSTM32F446RETx -DNUCLEO_F446RE -DDEBUG -DSTM32F446xx -DUSE_STDPERIPH_DRIVER -c -I"D:/Microcontroller/STM32F40x/STM32F4_RTOS/RTOS_workspace/STM32_FreeRTOS_Bin_Sema_Tasks/StdPeriph_Driver/inc" -I"D:/Microcontroller/STM32F40x/STM32F4_RTOS/RTOS_workspace/STM32_FreeRTOS_Bin_Sema_Tasks/Config" -I"D:/Microcontroller/STM32F40x/STM32F4_RTOS/RTOS_workspace/STM32_FreeRTOS_Bin_Sema_Tasks/Third-Party/FreeRTOS/org/Source/include" -I"D:/Microcontroller/STM32F40x/STM32F4_RTOS/RTOS_workspace/STM32_FreeRTOS_Bin_Sema_Tasks/Third-Party/FreeRTOS/org/Source/portable/GCC/ARM_CM4F" -I"D:/Microcontroller/STM32F40x/STM32F4_RTOS/RTOS_workspace/STM32_FreeRTOS_Bin_Sema_Tasks/Third-Party/SEGGER/Config" -I"D:/Microcontroller/STM32F40x/STM32F4_RTOS/RTOS_workspace/STM32_FreeRTOS_Bin_Sema_Tasks/Third-Party/SEGGER/OS" -I"D:/Microcontroller/STM32F40x/STM32F4_RTOS/RTOS_workspace/STM32_FreeRTOS_Bin_Sema_Tasks/Third-Party/SEGGER/SEGGER" -I"D:/Microcontroller/STM32F40x/STM32F4_RTOS/RTOS_workspace/STM32_FreeRTOS_Bin_Sema_Tasks/inc" -I"D:/Microcontroller/STM32F40x/STM32F4_RTOS/RTOS_workspace/STM32_FreeRTOS_Bin_Sema_Tasks/CMSIS/device" -I"D:/Microcontroller/STM32F40x/STM32F4_RTOS/RTOS_workspace/STM32_FreeRTOS_Bin_Sema_Tasks/CMSIS/core" -O0 -ffunction-sections -Wall -fstack-usage -fcyclomatic-complexity -MMD -MP -MF"Third-Party/FreeRTOS/org/Source/portable/GCC/ARM_CM4F/port.d" -MT"Third-Party/FreeRTOS/org/Source/portable/GCC/ARM_CM4F/port.o" --specs=nano.specs -mfpu=fpv4-sp-d16 -mfloat-abi=hard -mthumb -o "Third-Party/FreeRTOS/org/Source/portable/GCC/ARM_CM4F/port.o"
arm-none-eabi-gcc "../Third-Party/FreeRTOS/org/Source/croutine.c" -mcpu=cortex-m4 -std=gnu11 -g3 -DSTM32 -DSTM32F4 -DSTM32F446RETx -DNUCLEO_F446RE -DDEBUG -DSTM32F446xx -DUSE_STDPERIPH_DRIVER -c -I"D:/Microcontroller/STM32F40x/STM32F4_RTOS/RTOS_workspace/STM32_FreeRTOS_Bin_Sema_Tasks/StdPeriph_Driver/inc" -I"D:/Microcontroller/STM32F40x/STM32F4_RTOS/RTOS_workspace/STM32_FreeRTOS_Bin_Sema_Tasks/Config" -I"D:/Microcontroller/STM32F40x/STM32F4_RTOS/RTOS_workspace/STM32_FreeRTOS_Bin_Sema_Tasks/Third-Party/FreeRTOS/org/Source/include" -I"D:/Microcontroller/STM32F40x/STM32F4_RTOS/RTOS_workspace/STM32_FreeRTOS_Bin_Sema_Tasks/Third-Party/FreeRTOS/org/Source/portable/GCC/ARM_CM4F" -I"D:/Microcontroller/STM32F40x/STM32F4_RTOS/RTOS_workspace/STM32_FreeRTOS_Bin_Sema_Tasks/Third-Party/SEGGER/Config" -I"D:/Microcontroller/STM32F40x/STM32F4_RTOS/RTOS_workspace/STM32_FreeRTOS_Bin_Sema_Tasks/Third-Party/SEGGER/OS" -I"D:/Microcontroller/STM32F40x/STM32F4_RTOS/RTOS_workspace/STM32_FreeRTOS_Bin_Sema_Tasks/Third-Party/SEGGER/SEGGER" -I"D:/Microcontroller/STM32F40x/STM32F4_RTOS/RTOS_workspace/STM32_FreeRTOS_Bin_Sema_Tasks/inc" -I"D:/Microcontroller/STM32F40x/STM32F4_RTOS/RTOS_workspace/STM32_FreeRTOS_Bin_Sema_Tasks/CMSIS/device" -I"D:/Microcontroller/STM32F40x/STM32F4_RTOS/RTOS_workspace/STM32_FreeRTOS_Bin_Sema_Tasks/CMSIS/core" -O0 -ffunction-sections -Wall -fstack-usage -fcyclomatic-complexity -MMD -MP -MF"Third-Party/FreeRTOS/org/Source/croutine.d" -MT"Third-Party/FreeRTOS/org/Source/croutine.o" --specs=nano.specs -mfpu=fpv4-sp-d16 -mfloat-abi=hard -mthumb -o "Third-Party/FreeRTOS/org/Source/croutine.o"
arm-none-eabi-gcc "../Third-Party/FreeRTOS/org/Source/event_groups.c" -mcpu=cortex-m4 -std=gnu11 -g3 -DSTM32 -DSTM32F4 -DSTM32F446RETx -DNUCLEO_F446RE -DDEBUG -DSTM32F446xx -DUSE_STDPERIPH_DRIVER -c -I"D:/Microcontroller/STM32F40x/STM32F4_RTOS/RTOS_workspace/STM32_FreeRTOS_Bin_Sema_Tasks/StdPeriph_Driver/inc" -I"D:/Microcontroller/STM32F40x/STM32F4_RTOS/RTOS_workspace/STM32_FreeRTOS_Bin_Sema_Tasks/Config" -I"D:/Microcontroller/STM32F40x/STM32F4_RTOS/RTOS_workspace/STM32_FreeRTOS_Bin_Sema_Tasks/Third-Party/FreeRTOS/org/Source/include" -I"D:/Microcontroller/STM32F40x/STM32F4_RTOS/RTOS_workspace/STM32_FreeRTOS_Bin_Sema_Tasks/Third-Party/FreeRTOS/org/Source/portable/GCC/ARM_CM4F" -I"D:/Microcontroller/STM32F40x/STM32F4_RTOS/RTOS_workspace/STM32_FreeRTOS_Bin_Sema_Tasks/Third-Party/SEGGER/Config" -I"D:/Microcontroller/STM32F40x/STM32F4_RTOS/RTOS_workspace/STM32_FreeRTOS_Bin_Sema_Tasks/Third-Party/SEGGER/OS" -I"D:/Microcontroller/STM32F40x/STM32F4_RTOS/RTOS_workspace/STM32_FreeRTOS_Bin_Sema_Tasks/Third-Party/SEGGER/SEGGER" -I"D:/Microcontroller/STM32F40x/STM32F4_RTOS/RTOS_workspace/STM32_FreeRTOS_Bin_Sema_Tasks/inc" -I"D:/Microcontroller/STM32F40x/STM32F4_RTOS/RTOS_workspace/STM32_FreeRTOS_Bin_Sema_Tasks/CMSIS/device" -I"D:/Microcontroller/STM32F40x/STM32F4_RTOS/RTOS_workspace/STM32_FreeRTOS_Bin_Sema_Tasks/CMSIS/core" -O0 -ffunction-sections -Wall -fstack-usage -fcyclomatic-complexity -MMD -MP -MF"Third-Party/FreeRTOS/org/Source/event_groups.d" -MT"Third-Party/FreeRTOS/org/Source/event_groups.o" --specs=nano.specs -mfpu=fpv4-sp-d16 -mfloat-abi=hard -mthumb -o "Third-Party/FreeRTOS/org/Source/event_groups.o"
arm-none-eabi-gcc "../Third-Party/FreeRTOS/org/Source/list.c" -mcpu=cortex-m4 -std=gnu11 -g3 -DSTM32 -DSTM32F4 -DSTM32F446RETx -DNUCLEO_F446RE -DDEBUG -DSTM32F446xx -DUSE_STDPERIPH_DRIVER -c -I"D:/Microcontroller/STM32F40x/STM32F4_RTOS/RTOS_workspace/STM32_FreeRTOS_Bin_Sema_Tasks/StdPeriph_Driver/inc" -I"D:/Microcontroller/STM32F40x/STM32F4_RTOS/RTOS_workspace/STM32_FreeRTOS_Bin_Sema_Tasks/Config" -I"D:/Microcontroller/STM32F40x/STM32F4_RTOS/RTOS_workspace/STM32_FreeRTOS_Bin_Sema_Tasks/Third-Party/FreeRTOS/org/Source/include" -I"D:/Microcontroller/STM32F40x/STM32F4_RTOS/RTOS_workspace/STM32_FreeRTOS_Bin_Sema_Tasks/Third-Party/FreeRTOS/org/Source/portable/GCC/ARM_CM4F" -I"D:/Microcontroller/STM32F40x/STM32F4_RTOS/RTOS_workspace/STM32_FreeRTOS_Bin_Sema_Tasks/Third-Party/SEGGER/Config" -I"D:/Microcontroller/STM32F40x/STM32F4_RTOS/RTOS_workspace/STM32_FreeRTOS_Bin_Sema_Tasks/Third-Party/SEGGER/OS" -I"D:/Microcontroller/STM32F40x/STM32F4_RTOS/RTOS_workspace/STM32_FreeRTOS_Bin_Sema_Tasks/Third-Party/SEGGER/SEGGER" -I"D:/Microcontroller/STM32F40x/STM32F4_RTOS/RTOS_workspace/STM32_FreeRTOS_Bin_Sema_Tasks/inc" -I"D:/Microcontroller/STM32F40x/STM32F4_RTOS/RTOS_workspace/STM32_FreeRTOS_Bin_Sema_Tasks/CMSIS/device" -I"D:/Microcontroller/STM32F40x/STM32F4_RTOS/RTOS_workspace/STM32_FreeRTOS_Bin_Sema_Tasks/CMSIS/core" -O0 -ffunction-sections -Wall -fstack-usage -fcyclomatic-complexity -MMD -MP -MF"Third-Party/FreeRTOS/org/Source/list.d" -MT"Third-Party/FreeRTOS/org/Source/list.o" --specs=nano.specs -mfpu=fpv4-sp-d16 -mfloat-abi=hard -mthumb -o "Third-Party/FreeRTOS/org/Source/list.o"
../src/system_stm32f4xx.c: In function 'SetSysClock':
../src/system_stm32f4xx.c:760:5: warning: this 'while' clause does not guard... [-Wmisleading-indentation]
  760 |     while ((RCC->CFGR & (uint32_t)RCC_CFGR_SWS ) != RCC_CFGR_SWS_PLL);
      |     ^~~~~
../src/system_stm32f4xx.c:761:5: note: ...this statement, but the latter is misleadingly indented as if it were guarded by the 'while'
  761 |     {
      |     ^
arm-none-eabi-gcc "../Third-Party/FreeRTOS/org/Source/queue.c" -mcpu=cortex-m4 -std=gnu11 -g3 -DSTM32 -DSTM32F4 -DSTM32F446RETx -DNUCLEO_F446RE -DDEBUG -DSTM32F446xx -DUSE_STDPERIPH_DRIVER -c -I"D:/Microcontroller/STM32F40x/STM32F4_RTOS/RTOS_workspace/STM32_FreeRTOS_Bin_Sema_Tasks/StdPeriph_Driver/inc" -I"D:/Microcontroller/STM32F40x/STM32F4_RTOS/RTOS_workspace/STM32_FreeRTOS_Bin_Sema_Tasks/Config" -I"D:/Microcontroller/STM32F40x/STM32F4_RTOS/RTOS_workspace/STM32_FreeRTOS_Bin_Sema_Tasks/Third-Party/FreeRTOS/org/Source/include" -I"D:/Microcontroller/STM32F40x/STM32F4_RTOS/RTOS_workspace/STM32_FreeRTOS_Bin_Sema_Tasks/Third-Party/FreeRTOS/org/Source/portable/GCC/ARM_CM4F" -I"D:/Microcontroller/STM32F40x/STM32F4_RTOS/RTOS_workspace/STM32_FreeRTOS_Bin_Sema_Tasks/Third-Party/SEGGER/Config" -I"D:/Microcontroller/STM32F40x/STM32F4_RTOS/RTOS_workspace/STM32_FreeRTOS_Bin_Sema_Tasks/Third-Party/SEGGER/OS" -I"D:/Microcontroller/STM32F40x/STM32F4_RTOS/RTOS_workspace/STM32_FreeRTOS_Bin_Sema_Tasks/Third-Party/SEGGER/SEGGER" -I"D:/Microcontroller/STM32F40x/STM32F4_RTOS/RTOS_workspace/STM32_FreeRTOS_Bin_Sema_Tasks/inc" -I"D:/Microcontroller/STM32F40x/STM32F4_RTOS/RTOS_workspace/STM32_FreeRTOS_Bin_Sema_Tasks/CMSIS/device" -I"D:/Microcontroller/STM32F40x/STM32F4_RTOS/RTOS_workspace/STM32_FreeRTOS_Bin_Sema_Tasks/CMSIS/core" -O0 -ffunction-sections -Wall -fstack-usage -fcyclomatic-complexity -MMD -MP -MF"Third-Party/FreeRTOS/org/Source/queue.d" -MT"Third-Party/FreeRTOS/org/Source/queue.o" --specs=nano.specs -mfpu=fpv4-sp-d16 -mfloat-abi=hard -mthumb -o "Third-Party/FreeRTOS/org/Source/queue.o"
arm-none-eabi-gcc "../Third-Party/FreeRTOS/org/Source/stream_buffer.c" -mcpu=cortex-m4 -std=gnu11 -g3 -DSTM32 -DSTM32F4 -DSTM32F446RETx -DNUCLEO_F446RE -DDEBUG -DSTM32F446xx -DUSE_STDPERIPH_DRIVER -c -I"D:/Microcontroller/STM32F40x/STM32F4_RTOS/RTOS_workspace/STM32_FreeRTOS_Bin_Sema_Tasks/StdPeriph_Driver/inc" -I"D:/Microcontroller/STM32F40x/STM32F4_RTOS/RTOS_workspace/STM32_FreeRTOS_Bin_Sema_Tasks/Config" -I"D:/Microcontroller/STM32F40x/STM32F4_RTOS/RTOS_workspace/STM32_FreeRTOS_Bin_Sema_Tasks/Third-Party/FreeRTOS/org/Source/include" -I"D:/Microcontroller/STM32F40x/STM32F4_RTOS/RTOS_workspace/STM32_FreeRTOS_Bin_Sema_Tasks/Third-Party/FreeRTOS/org/Source/portable/GCC/ARM_CM4F" -I"D:/Microcontroller/STM32F40x/STM32F4_RTOS/RTOS_workspace/STM32_FreeRTOS_Bin_Sema_Tasks/Third-Party/SEGGER/Config" -I"D:/Microcontroller/STM32F40x/STM32F4_RTOS/RTOS_workspace/STM32_FreeRTOS_Bin_Sema_Tasks/Third-Party/SEGGER/OS" -I"D:/Microcontroller/STM32F40x/STM32F4_RTOS/RTOS_workspace/STM32_FreeRTOS_Bin_Sema_Tasks/Third-Party/SEGGER/SEGGER" -I"D:/Microcontroller/STM32F40x/STM32F4_RTOS/RTOS_workspace/STM32_FreeRTOS_Bin_Sema_Tasks/inc" -I"D:/Microcontroller/STM32F40x/STM32F4_RTOS/RTOS_workspace/STM32_FreeRTOS_Bin_Sema_Tasks/CMSIS/device" -I"D:/Microcontroller/STM32F40x/STM32F4_RTOS/RTOS_workspace/STM32_FreeRTOS_Bin_Sema_Tasks/CMSIS/core" -O0 -ffunction-sections -Wall -fstack-usage -fcyclomatic-complexity -MMD -MP -MF"Third-Party/FreeRTOS/org/Source/stream_buffer.d" -MT"Third-Party/FreeRTOS/org/Source/stream_buffer.o" --specs=nano.specs -mfpu=fpv4-sp-d16 -mfloat-abi=hard -mthumb -o "Third-Party/FreeRTOS/org/Source/stream_buffer.o"
arm-none-eabi-gcc "../Third-Party/FreeRTOS/org/Source/tasks.c" -mcpu=cortex-m4 -std=gnu11 -g3 -DSTM32 -DSTM32F4 -DSTM32F446RETx -DNUCLEO_F446RE -DDEBUG -DSTM32F446xx -DUSE_STDPERIPH_DRIVER -c -I"D:/Microcontroller/STM32F40x/STM32F4_RTOS/RTOS_workspace/STM32_FreeRTOS_Bin_Sema_Tasks/StdPeriph_Driver/inc" -I"D:/Microcontroller/STM32F40x/STM32F4_RTOS/RTOS_workspace/STM32_FreeRTOS_Bin_Sema_Tasks/Config" -I"D:/Microcontroller/STM32F40x/STM32F4_RTOS/RTOS_workspace/STM32_FreeRTOS_Bin_Sema_Tasks/Third-Party/FreeRTOS/org/Source/include" -I"D:/Microcontroller/STM32F40x/STM32F4_RTOS/RTOS_workspace/STM32_FreeRTOS_Bin_Sema_Tasks/Third-Party/FreeRTOS/org/Source/portable/GCC/ARM_CM4F" -I"D:/Microcontroller/STM32F40x/STM32F4_RTOS/RTOS_workspace/STM32_FreeRTOS_Bin_Sema_Tasks/Third-Party/SEGGER/Config" -I"D:/Microcontroller/STM32F40x/STM32F4_RTOS/RTOS_workspace/STM32_FreeRTOS_Bin_Sema_Tasks/Third-Party/SEGGER/OS" -I"D:/Microcontroller/STM32F40x/STM32F4_RTOS/RTOS_workspace/STM32_FreeRTOS_Bin_Sema_Tasks/Third-Party/SEGGER/SEGGER" -I"D:/Microcontroller/STM32F40x/STM32F4_RTOS/RTOS_workspace/STM32_FreeRTOS_Bin_Sema_Tasks/inc" -I"D:/Microcontroller/STM32F40x/STM32F4_RTOS/RTOS_workspace/STM32_FreeRTOS_Bin_Sema_Tasks/CMSIS/device" -I"D:/Microcontroller/STM32F40x/STM32F4_RTOS/RTOS_workspace/STM32_FreeRTOS_Bin_Sema_Tasks/CMSIS/core" -O0 -ffunction-sections -Wall -fstack-usage -fcyclomatic-complexity -MMD -MP -MF"Third-Party/FreeRTOS/org/Source/tasks.d" -MT"Third-Party/FreeRTOS/org/Source/tasks.o" --specs=nano.specs -mfpu=fpv4-sp-d16 -mfloat-abi=hard -mthumb -o "Third-Party/FreeRTOS/org/Source/tasks.o"
arm-none-eabi-gcc "../Third-Party/FreeRTOS/org/Source/timers.c" -mcpu=cortex-m4 -std=gnu11 -g3 -DSTM32 -DSTM32F4 -DSTM32F446RETx -DNUCLEO_F446RE -DDEBUG -DSTM32F446xx -DUSE_STDPERIPH_DRIVER -c -I"D:/Microcontroller/STM32F40x/STM32F4_RTOS/RTOS_workspace/STM32_FreeRTOS_Bin_Sema_Tasks/StdPeriph_Driver/inc" -I"D:/Microcontroller/STM32F40x/STM32F4_RTOS/RTOS_workspace/STM32_FreeRTOS_Bin_Sema_Tasks/Config" -I"D:/Microcontroller/STM32F40x/STM32F4_RTOS/RTOS_workspace/STM32_FreeRTOS_Bin_Sema_Tasks/Third-Party/FreeRTOS/org/Source/include" -I"D:/Microcontroller/STM32F40x/STM32F4_RTOS/RTOS_workspace/STM32_FreeRTOS_Bin_Sema_Tasks/Third-Party/FreeRTOS/org/Source/portable/GCC/ARM_CM4F" -I"D:/Microcontroller/STM32F40x/STM32F4_RTOS/RTOS_workspace/STM32_FreeRTOS_Bin_Sema_Tasks/Third-Party/SEGGER/Config" -I"D:/Microcontroller/STM32F40x/STM32F4_RTOS/RTOS_workspace/STM32_FreeRTOS_Bin_Sema_Tasks/Third-Party/SEGGER/OS" -I"D:/Microcontroller/STM32F40x/STM32F4_RTOS/RTOS_workspace/STM32_FreeRTOS_Bin_Sema_Tasks/Third-Party/SEGGER/SEGGER" -I"D:/Microcontroller/STM32F40x/STM32F4_RTOS/RTOS_workspace/STM32_FreeRTOS_Bin_Sema_Tasks/inc" -I"D:/Microcontroller/STM32F40x/STM32F4_RTOS/RTOS_workspace/STM32_FreeRTOS_Bin_Sema_Tasks/CMSIS/device" -I"D:/Microcontroller/STM32F40x/STM32F4_RTOS/RTOS_workspace/STM32_FreeRTOS_Bin_Sema_Tasks/CMSIS/core" -O0 -ffunction-sections -Wall -fstack-usage -fcyclomatic-complexity -MMD -MP -MF"Third-Party/FreeRTOS/org/Source/timers.d" -MT"Third-Party/FreeRTOS/org/Source/timers.o" --specs=nano.specs -mfpu=fpv4-sp-d16 -mfloat-abi=hard -mthumb -o "Third-Party/FreeRTOS/org/Source/timers.o"
arm-none-eabi-gcc "../StdPeriph_Driver/src/misc.c" -mcpu=cortex-m4 -std=gnu11 -g3 -DSTM32 -DSTM32F4 -DSTM32F446RETx -DNUCLEO_F446RE -DDEBUG -DSTM32F446xx -DUSE_STDPERIPH_DRIVER -c -I"D:/Microcontroller/STM32F40x/STM32F4_RTOS/RTOS_workspace/STM32_FreeRTOS_Bin_Sema_Tasks/StdPeriph_Driver/inc" -I"D:/Microcontroller/STM32F40x/STM32F4_RTOS/RTOS_workspace/STM32_FreeRTOS_Bin_Sema_Tasks/Config" -I"D:/Microcontroller/STM32F40x/STM32F4_RTOS/RTOS_workspace/STM32_FreeRTOS_Bin_Sema_Tasks/Third-Party/FreeRTOS/org/Source/include" -I"D:/Microcontroller/STM32F40x/STM32F4_RTOS/RTOS_workspace/STM32_FreeRTOS_Bin_Sema_Tasks/Third-Party/FreeRTOS/org/Source/portable/GCC/ARM_CM4F" -I"D:/Microcontroller/STM32F40x/STM32F4_RTOS/RTOS_workspace/STM32_FreeRTOS_Bin_Sema_Tasks/Third-Party/SEGGER/Config" -I"D:/Microcontroller/STM32F40x/STM32F4_RTOS/RTOS_workspace/STM32_FreeRTOS_Bin_Sema_Tasks/Third-Party/SEGGER/OS" -I"D:/Microcontroller/STM32F40x/STM32F4_RTOS/RTOS_workspace/STM32_FreeRTOS_Bin_Sema_Tasks/Third-Party/SEGGER/SEGGER" -I"D:/Microcontroller/STM32F40x/STM32F4_RTOS/RTOS_workspace/STM32_FreeRTOS_Bin_Sema_Tasks/inc" -I"D:/Microcontroller/STM32F40x/STM32F4_RTOS/RTOS_workspace/STM32_FreeRTOS_Bin_Sema_Tasks/CMSIS/device" -I"D:/Microcontroller/STM32F40x/STM32F4_RTOS/RTOS_workspace/STM32_FreeRTOS_Bin_Sema_Tasks/CMSIS/core" -O0 -ffunction-sections -Wall -fstack-usage -fcyclomatic-complexity -MMD -MP -MF"StdPeriph_Driver/src/misc.d" -MT"StdPeriph_Driver/src/misc.o" --specs=nano.specs -mfpu=fpv4-sp-d16 -mfloat-abi=hard -mthumb -o "StdPeriph_Driver/src/misc.o"
arm-none-eabi-gcc "../StdPeriph_Driver/src/stm32f4xx_adc.c" -mcpu=cortex-m4 -std=gnu11 -g3 -DSTM32 -DSTM32F4 -DSTM32F446RETx -DNUCLEO_F446RE -DDEBUG -DSTM32F446xx -DUSE_STDPERIPH_DRIVER -c -I"D:/Microcontroller/STM32F40x/STM32F4_RTOS/RTOS_workspace/STM32_FreeRTOS_Bin_Sema_Tasks/StdPeriph_Driver/inc" -I"D:/Microcontroller/STM32F40x/STM32F4_RTOS/RTOS_workspace/STM32_FreeRTOS_Bin_Sema_Tasks/Config" -I"D:/Microcontroller/STM32F40x/STM32F4_RTOS/RTOS_workspace/STM32_FreeRTOS_Bin_Sema_Tasks/Third-Party/FreeRTOS/org/Source/include" -I"D:/Microcontroller/STM32F40x/STM32F4_RTOS/RTOS_workspace/STM32_FreeRTOS_Bin_Sema_Tasks/Third-Party/FreeRTOS/org/Source/portable/GCC/ARM_CM4F" -I"D:/Microcontroller/STM32F40x/STM32F4_RTOS/RTOS_workspace/STM32_FreeRTOS_Bin_Sema_Tasks/Third-Party/SEGGER/Config" -I"D:/Microcontroller/STM32F40x/STM32F4_RTOS/RTOS_workspace/STM32_FreeRTOS_Bin_Sema_Tasks/Third-Party/SEGGER/OS" -I"D:/Microcontroller/STM32F40x/STM32F4_RTOS/RTOS_workspace/STM32_FreeRTOS_Bin_Sema_Tasks/Third-Party/SEGGER/SEGGER" -I"D:/Microcontroller/STM32F40x/STM32F4_RTOS/RTOS_workspace/STM32_FreeRTOS_Bin_Sema_Tasks/inc" -I"D:/Microcontroller/STM32F40x/STM32F4_RTOS/RTOS_workspace/STM32_FreeRTOS_Bin_Sema_Tasks/CMSIS/device" -I"D:/Microcontroller/STM32F40x/STM32F4_RTOS/RTOS_workspace/STM32_FreeRTOS_Bin_Sema_Tasks/CMSIS/core" -O0 -ffunction-sections -Wall -fstack-usage -fcyclomatic-complexity -MMD -MP -MF"StdPeriph_Driver/src/stm32f4xx_adc.d" -MT"StdPeriph_Driver/src/stm32f4xx_adc.o" --specs=nano.specs -mfpu=fpv4-sp-d16 -mfloat-abi=hard -mthumb -o "StdPeriph_Driver/src/stm32f4xx_adc.o"
arm-none-eabi-gcc "../StdPeriph_Driver/src/stm32f4xx_can.c" -mcpu=cortex-m4 -std=gnu11 -g3 -DSTM32 -DSTM32F4 -DSTM32F446RETx -DNUCLEO_F446RE -DDEBUG -DSTM32F446xx -DUSE_STDPERIPH_DRIVER -c -I"D:/Microcontroller/STM32F40x/STM32F4_RTOS/RTOS_workspace/STM32_FreeRTOS_Bin_Sema_Tasks/StdPeriph_Driver/inc" -I"D:/Microcontroller/STM32F40x/STM32F4_RTOS/RTOS_workspace/STM32_FreeRTOS_Bin_Sema_Tasks/Config" -I"D:/Microcontroller/STM32F40x/STM32F4_RTOS/RTOS_workspace/STM32_FreeRTOS_Bin_Sema_Tasks/Third-Party/FreeRTOS/org/Source/include" -I"D:/Microcontroller/STM32F40x/STM32F4_RTOS/RTOS_workspace/STM32_FreeRTOS_Bin_Sema_Tasks/Third-Party/FreeRTOS/org/Source/portable/GCC/ARM_CM4F" -I"D:/Microcontroller/STM32F40x/STM32F4_RTOS/RTOS_workspace/STM32_FreeRTOS_Bin_Sema_Tasks/Third-Party/SEGGER/Config" -I"D:/Microcontroller/STM32F40x/STM32F4_RTOS/RTOS_workspace/STM32_FreeRTOS_Bin_Sema_Tasks/Third-Party/SEGGER/OS" -I"D:/Microcontroller/STM32F40x/STM32F4_RTOS/RTOS_workspace/STM32_FreeRTOS_Bin_Sema_Tasks/Third-Party/SEGGER/SEGGER" -I"D:/Microcontroller/STM32F40x/STM32F4_RTOS/RTOS_workspace/STM32_FreeRTOS_Bin_Sema_Tasks/inc" -I"D:/Microcontroller/STM32F40x/STM32F4_RTOS/RTOS_workspace/STM32_FreeRTOS_Bin_Sema_Tasks/CMSIS/device" -I"D:/Microcontroller/STM32F40x/STM32F4_RTOS/RTOS_workspace/STM32_FreeRTOS_Bin_Sema_Tasks/CMSIS/core" -O0 -ffunction-sections -Wall -fstack-usage -fcyclomatic-complexity -MMD -MP -MF"StdPeriph_Driver/src/stm32f4xx_can.d" -MT"StdPeriph_Driver/src/stm32f4xx_can.o" --specs=nano.specs -mfpu=fpv4-sp-d16 -mfloat-abi=hard -mthumb -o "StdPeriph_Driver/src/stm32f4xx_can.o"
arm-none-eabi-gcc "../StdPeriph_Driver/src/stm32f4xx_cec.c" -mcpu=cortex-m4 -std=gnu11 -g3 -DSTM32 -DSTM32F4 -DSTM32F446RETx -DNUCLEO_F446RE -DDEBUG -DSTM32F446xx -DUSE_STDPERIPH_DRIVER -c -I"D:/Microcontroller/STM32F40x/STM32F4_RTOS/RTOS_workspace/STM32_FreeRTOS_Bin_Sema_Tasks/StdPeriph_Driver/inc" -I"D:/Microcontroller/STM32F40x/STM32F4_RTOS/RTOS_workspace/STM32_FreeRTOS_Bin_Sema_Tasks/Config" -I"D:/Microcontroller/STM32F40x/STM32F4_RTOS/RTOS_workspace/STM32_FreeRTOS_Bin_Sema_Tasks/Third-Party/FreeRTOS/org/Source/include" -I"D:/Microcontroller/STM32F40x/STM32F4_RTOS/RTOS_workspace/STM32_FreeRTOS_Bin_Sema_Tasks/Third-Party/FreeRTOS/org/Source/portable/GCC/ARM_CM4F" -I"D:/Microcontroller/STM32F40x/STM32F4_RTOS/RTOS_workspace/STM32_FreeRTOS_Bin_Sema_Tasks/Third-Party/SEGGER/Config" -I"D:/Microcontroller/STM32F40x/STM32F4_RTOS/RTOS_workspace/STM32_FreeRTOS_Bin_Sema_Tasks/Third-Party/SEGGER/OS" -I"D:/Microcontroller/STM32F40x/STM32F4_RTOS/RTOS_workspace/STM32_FreeRTOS_Bin_Sema_Tasks/Third-Party/SEGGER/SEGGER" -I"D:/Microcontroller/STM32F40x/STM32F4_RTOS/RTOS_workspace/STM32_FreeRTOS_Bin_Sema_Tasks/inc" -I"D:/Microcontroller/STM32F40x/STM32F4_RTOS/RTOS_workspace/STM32_FreeRTOS_Bin_Sema_Tasks/CMSIS/device" -I"D:/Microcontroller/STM32F40x/STM32F4_RTOS/RTOS_workspace/STM32_FreeRTOS_Bin_Sema_Tasks/CMSIS/core" -O0 -ffunction-sections -Wall -fstack-usage -fcyclomatic-complexity -MMD -MP -MF"StdPeriph_Driver/src/stm32f4xx_cec.d" -MT"StdPeriph_Driver/src/stm32f4xx_cec.o" --specs=nano.specs -mfpu=fpv4-sp-d16 -mfloat-abi=hard -mthumb -o "StdPeriph_Driver/src/stm32f4xx_cec.o"
arm-none-eabi-gcc "../StdPeriph_Driver/src/stm32f4xx_crc.c" -mcpu=cortex-m4 -std=gnu11 -g3 -DSTM32 -DSTM32F4 -DSTM32F446RETx -DNUCLEO_F446RE -DDEBUG -DSTM32F446xx -DUSE_STDPERIPH_DRIVER -c -I"D:/Microcontroller/STM32F40x/STM32F4_RTOS/RTOS_workspace/STM32_FreeRTOS_Bin_Sema_Tasks/StdPeriph_Driver/inc" -I"D:/Microcontroller/STM32F40x/STM32F4_RTOS/RTOS_workspace/STM32_FreeRTOS_Bin_Sema_Tasks/Config" -I"D:/Microcontroller/STM32F40x/STM32F4_RTOS/RTOS_workspace/STM32_FreeRTOS_Bin_Sema_Tasks/Third-Party/FreeRTOS/org/Source/include" -I"D:/Microcontroller/STM32F40x/STM32F4_RTOS/RTOS_workspace/STM32_FreeRTOS_Bin_Sema_Tasks/Third-Party/FreeRTOS/org/Source/portable/GCC/ARM_CM4F" -I"D:/Microcontroller/STM32F40x/STM32F4_RTOS/RTOS_workspace/STM32_FreeRTOS_Bin_Sema_Tasks/Third-Party/SEGGER/Config" -I"D:/Microcontroller/STM32F40x/STM32F4_RTOS/RTOS_workspace/STM32_FreeRTOS_Bin_Sema_Tasks/Third-Party/SEGGER/OS" -I"D:/Microcontroller/STM32F40x/STM32F4_RTOS/RTOS_workspace/STM32_FreeRTOS_Bin_Sema_Tasks/Third-Party/SEGGER/SEGGER" -I"D:/Microcontroller/STM32F40x/STM32F4_RTOS/RTOS_workspace/STM32_FreeRTOS_Bin_Sema_Tasks/inc" -I"D:/Microcontroller/STM32F40x/STM32F4_RTOS/RTOS_workspace/STM32_FreeRTOS_Bin_Sema_Tasks/CMSIS/device" -I"D:/Microcontroller/STM32F40x/STM32F4_RTOS/RTOS_workspace/STM32_FreeRTOS_Bin_Sema_Tasks/CMSIS/core" -O0 -ffunction-sections -Wall -fstack-usage -fcyclomatic-complexity -MMD -MP -MF"StdPeriph_Driver/src/stm32f4xx_crc.d" -MT"StdPeriph_Driver/src/stm32f4xx_crc.o" --specs=nano.specs -mfpu=fpv4-sp-d16 -mfloat-abi=hard -mthumb -o "StdPeriph_Driver/src/stm32f4xx_crc.o"
arm-none-eabi-gcc "../StdPeriph_Driver/src/stm32f4xx_cryp.c" -mcpu=cortex-m4 -std=gnu11 -g3 -DSTM32 -DSTM32F4 -DSTM32F446RETx -DNUCLEO_F446RE -DDEBUG -DSTM32F446xx -DUSE_STDPERIPH_DRIVER -c -I"D:/Microcontroller/STM32F40x/STM32F4_RTOS/RTOS_workspace/STM32_FreeRTOS_Bin_Sema_Tasks/StdPeriph_Driver/inc" -I"D:/Microcontroller/STM32F40x/STM32F4_RTOS/RTOS_workspace/STM32_FreeRTOS_Bin_Sema_Tasks/Config" -I"D:/Microcontroller/STM32F40x/STM32F4_RTOS/RTOS_workspace/STM32_FreeRTOS_Bin_Sema_Tasks/Third-Party/FreeRTOS/org/Source/include" -I"D:/Microcontroller/STM32F40x/STM32F4_RTOS/RTOS_workspace/STM32_FreeRTOS_Bin_Sema_Tasks/Third-Party/FreeRTOS/org/Source/portable/GCC/ARM_CM4F" -I"D:/Microcontroller/STM32F40x/STM32F4_RTOS/RTOS_workspace/STM32_FreeRTOS_Bin_Sema_Tasks/Third-Party/SEGGER/Config" -I"D:/Microcontroller/STM32F40x/STM32F4_RTOS/RTOS_workspace/STM32_FreeRTOS_Bin_Sema_Tasks/Third-Party/SEGGER/OS" -I"D:/Microcontroller/STM32F40x/STM32F4_RTOS/RTOS_workspace/STM32_FreeRTOS_Bin_Sema_Tasks/Third-Party/SEGGER/SEGGER" -I"D:/Microcontroller/STM32F40x/STM32F4_RTOS/RTOS_workspace/STM32_FreeRTOS_Bin_Sema_Tasks/inc" -I"D:/Microcontroller/STM32F40x/STM32F4_RTOS/RTOS_workspace/STM32_FreeRTOS_Bin_Sema_Tasks/CMSIS/device" -I"D:/Microcontroller/STM32F40x/STM32F4_RTOS/RTOS_workspace/STM32_FreeRTOS_Bin_Sema_Tasks/CMSIS/core" -O0 -ffunction-sections -Wall -fstack-usage -fcyclomatic-complexity -MMD -MP -MF"StdPeriph_Driver/src/stm32f4xx_cryp.d" -MT"StdPeriph_Driver/src/stm32f4xx_cryp.o" --specs=nano.specs -mfpu=fpv4-sp-d16 -mfloat-abi=hard -mthumb -o "StdPeriph_Driver/src/stm32f4xx_cryp.o"
arm-none-eabi-gcc "../StdPeriph_Driver/src/stm32f4xx_cryp_aes.c" -mcpu=cortex-m4 -std=gnu11 -g3 -DSTM32 -DSTM32F4 -DSTM32F446RETx -DNUCLEO_F446RE -DDEBUG -DSTM32F446xx -DUSE_STDPERIPH_DRIVER -c -I"D:/Microcontroller/STM32F40x/STM32F4_RTOS/RTOS_workspace/STM32_FreeRTOS_Bin_Sema_Tasks/StdPeriph_Driver/inc" -I"D:/Microcontroller/STM32F40x/STM32F4_RTOS/RTOS_workspace/STM32_FreeRTOS_Bin_Sema_Tasks/Config" -I"D:/Microcontroller/STM32F40x/STM32F4_RTOS/RTOS_workspace/STM32_FreeRTOS_Bin_Sema_Tasks/Third-Party/FreeRTOS/org/Source/include" -I"D:/Microcontroller/STM32F40x/STM32F4_RTOS/RTOS_workspace/STM32_FreeRTOS_Bin_Sema_Tasks/Third-Party/FreeRTOS/org/Source/portable/GCC/ARM_CM4F" -I"D:/Microcontroller/STM32F40x/STM32F4_RTOS/RTOS_workspace/STM32_FreeRTOS_Bin_Sema_Tasks/Third-Party/SEGGER/Config" -I"D:/Microcontroller/STM32F40x/STM32F4_RTOS/RTOS_workspace/STM32_FreeRTOS_Bin_Sema_Tasks/Third-Party/SEGGER/OS" -I"D:/Microcontroller/STM32F40x/STM32F4_RTOS/RTOS_workspace/STM32_FreeRTOS_Bin_Sema_Tasks/Third-Party/SEGGER/SEGGER" -I"D:/Microcontroller/STM32F40x/STM32F4_RTOS/RTOS_workspace/STM32_FreeRTOS_Bin_Sema_Tasks/inc" -I"D:/Microcontroller/STM32F40x/STM32F4_RTOS/RTOS_workspace/STM32_FreeRTOS_Bin_Sema_Tasks/CMSIS/device" -I"D:/Microcontroller/STM32F40x/STM32F4_RTOS/RTOS_workspace/STM32_FreeRTOS_Bin_Sema_Tasks/CMSIS/core" -O0 -ffunction-sections -Wall -fstack-usage -fcyclomatic-complexity -MMD -MP -MF"StdPeriph_Driver/src/stm32f4xx_cryp_aes.d" -MT"StdPeriph_Driver/src/stm32f4xx_cryp_aes.o" --specs=nano.specs -mfpu=fpv4-sp-d16 -mfloat-abi=hard -mthumb -o "StdPeriph_Driver/src/stm32f4xx_cryp_aes.o"
arm-none-eabi-gcc "../StdPeriph_Driver/src/stm32f4xx_cryp_des.c" -mcpu=cortex-m4 -std=gnu11 -g3 -DSTM32 -DSTM32F4 -DSTM32F446RETx -DNUCLEO_F446RE -DDEBUG -DSTM32F446xx -DUSE_STDPERIPH_DRIVER -c -I"D:/Microcontroller/STM32F40x/STM32F4_RTOS/RTOS_workspace/STM32_FreeRTOS_Bin_Sema_Tasks/StdPeriph_Driver/inc" -I"D:/Microcontroller/STM32F40x/STM32F4_RTOS/RTOS_workspace/STM32_FreeRTOS_Bin_Sema_Tasks/Config" -I"D:/Microcontroller/STM32F40x/STM32F4_RTOS/RTOS_workspace/STM32_FreeRTOS_Bin_Sema_Tasks/Third-Party/FreeRTOS/org/Source/include" -I"D:/Microcontroller/STM32F40x/STM32F4_RTOS/RTOS_workspace/STM32_FreeRTOS_Bin_Sema_Tasks/Third-Party/FreeRTOS/org/Source/portable/GCC/ARM_CM4F" -I"D:/Microcontroller/STM32F40x/STM32F4_RTOS/RTOS_workspace/STM32_FreeRTOS_Bin_Sema_Tasks/Third-Party/SEGGER/Config" -I"D:/Microcontroller/STM32F40x/STM32F4_RTOS/RTOS_workspace/STM32_FreeRTOS_Bin_Sema_Tasks/Third-Party/SEGGER/OS" -I"D:/Microcontroller/STM32F40x/STM32F4_RTOS/RTOS_workspace/STM32_FreeRTOS_Bin_Sema_Tasks/Third-Party/SEGGER/SEGGER" -I"D:/Microcontroller/STM32F40x/STM32F4_RTOS/RTOS_workspace/STM32_FreeRTOS_Bin_Sema_Tasks/inc" -I"D:/Microcontroller/STM32F40x/STM32F4_RTOS/RTOS_workspace/STM32_FreeRTOS_Bin_Sema_Tasks/CMSIS/device" -I"D:/Microcontroller/STM32F40x/STM32F4_RTOS/RTOS_workspace/STM32_FreeRTOS_Bin_Sema_Tasks/CMSIS/core" -O0 -ffunction-sections -Wall -fstack-usage -fcyclomatic-complexity -MMD -MP -MF"StdPeriph_Driver/src/stm32f4xx_cryp_des.d" -MT"StdPeriph_Driver/src/stm32f4xx_cryp_des.o" --specs=nano.specs -mfpu=fpv4-sp-d16 -mfloat-abi=hard -mthumb -o "StdPeriph_Driver/src/stm32f4xx_cryp_des.o"
arm-none-eabi-gcc "../StdPeriph_Driver/src/stm32f4xx_cryp_tdes.c" -mcpu=cortex-m4 -std=gnu11 -g3 -DSTM32 -DSTM32F4 -DSTM32F446RETx -DNUCLEO_F446RE -DDEBUG -DSTM32F446xx -DUSE_STDPERIPH_DRIVER -c -I"D:/Microcontroller/STM32F40x/STM32F4_RTOS/RTOS_workspace/STM32_FreeRTOS_Bin_Sema_Tasks/StdPeriph_Driver/inc" -I"D:/Microcontroller/STM32F40x/STM32F4_RTOS/RTOS_workspace/STM32_FreeRTOS_Bin_Sema_Tasks/Config" -I"D:/Microcontroller/STM32F40x/STM32F4_RTOS/RTOS_workspace/STM32_FreeRTOS_Bin_Sema_Tasks/Third-Party/FreeRTOS/org/Source/include" -I"D:/Microcontroller/STM32F40x/STM32F4_RTOS/RTOS_workspace/STM32_FreeRTOS_Bin_Sema_Tasks/Third-Party/FreeRTOS/org/Source/portable/GCC/ARM_CM4F" -I"D:/Microcontroller/STM32F40x/STM32F4_RTOS/RTOS_workspace/STM32_FreeRTOS_Bin_Sema_Tasks/Third-Party/SEGGER/Config" -I"D:/Microcontroller/STM32F40x/STM32F4_RTOS/RTOS_workspace/STM32_FreeRTOS_Bin_Sema_Tasks/Third-Party/SEGGER/OS" -I"D:/Microcontroller/STM32F40x/STM32F4_RTOS/RTOS_workspace/STM32_FreeRTOS_Bin_Sema_Tasks/Third-Party/SEGGER/SEGGER" -I"D:/Microcontroller/STM32F40x/STM32F4_RTOS/RTOS_workspace/STM32_FreeRTOS_Bin_Sema_Tasks/inc" -I"D:/Microcontroller/STM32F40x/STM32F4_RTOS/RTOS_workspace/STM32_FreeRTOS_Bin_Sema_Tasks/CMSIS/device" -I"D:/Microcontroller/STM32F40x/STM32F4_RTOS/RTOS_workspace/STM32_FreeRTOS_Bin_Sema_Tasks/CMSIS/core" -O0 -ffunction-sections -Wall -fstack-usage -fcyclomatic-complexity -MMD -MP -MF"StdPeriph_Driver/src/stm32f4xx_cryp_tdes.d" -MT"StdPeriph_Driver/src/stm32f4xx_cryp_tdes.o" --specs=nano.specs -mfpu=fpv4-sp-d16 -mfloat-abi=hard -mthumb -o "StdPeriph_Driver/src/stm32f4xx_cryp_tdes.o"
arm-none-eabi-gcc "../StdPeriph_Driver/src/stm32f4xx_dac.c" -mcpu=cortex-m4 -std=gnu11 -g3 -DSTM32 -DSTM32F4 -DSTM32F446RETx -DNUCLEO_F446RE -DDEBUG -DSTM32F446xx -DUSE_STDPERIPH_DRIVER -c -I"D:/Microcontroller/STM32F40x/STM32F4_RTOS/RTOS_workspace/STM32_FreeRTOS_Bin_Sema_Tasks/StdPeriph_Driver/inc" -I"D:/Microcontroller/STM32F40x/STM32F4_RTOS/RTOS_workspace/STM32_FreeRTOS_Bin_Sema_Tasks/Config" -I"D:/Microcontroller/STM32F40x/STM32F4_RTOS/RTOS_workspace/STM32_FreeRTOS_Bin_Sema_Tasks/Third-Party/FreeRTOS/org/Source/include" -I"D:/Microcontroller/STM32F40x/STM32F4_RTOS/RTOS_workspace/STM32_FreeRTOS_Bin_Sema_Tasks/Third-Party/FreeRTOS/org/Source/portable/GCC/ARM_CM4F" -I"D:/Microcontroller/STM32F40x/STM32F4_RTOS/RTOS_workspace/STM32_FreeRTOS_Bin_Sema_Tasks/Third-Party/SEGGER/Config" -I"D:/Microcontroller/STM32F40x/STM32F4_RTOS/RTOS_workspace/STM32_FreeRTOS_Bin_Sema_Tasks/Third-Party/SEGGER/OS" -I"D:/Microcontroller/STM32F40x/STM32F4_RTOS/RTOS_workspace/STM32_FreeRTOS_Bin_Sema_Tasks/Third-Party/SEGGER/SEGGER" -I"D:/Microcontroller/STM32F40x/STM32F4_RTOS/RTOS_workspace/STM32_FreeRTOS_Bin_Sema_Tasks/inc" -I"D:/Microcontroller/STM32F40x/STM32F4_RTOS/RTOS_workspace/STM32_FreeRTOS_Bin_Sema_Tasks/CMSIS/device" -I"D:/Microcontroller/STM32F40x/STM32F4_RTOS/RTOS_workspace/STM32_FreeRTOS_Bin_Sema_Tasks/CMSIS/core" -O0 -ffunction-sections -Wall -fstack-usage -fcyclomatic-complexity -MMD -MP -MF"StdPeriph_Driver/src/stm32f4xx_dac.d" -MT"StdPeriph_Driver/src/stm32f4xx_dac.o" --specs=nano.specs -mfpu=fpv4-sp-d16 -mfloat-abi=hard -mthumb -o "StdPeriph_Driver/src/stm32f4xx_dac.o"
arm-none-eabi-gcc "../StdPeriph_Driver/src/stm32f4xx_dbgmcu.c" -mcpu=cortex-m4 -std=gnu11 -g3 -DSTM32 -DSTM32F4 -DSTM32F446RETx -DNUCLEO_F446RE -DDEBUG -DSTM32F446xx -DUSE_STDPERIPH_DRIVER -c -I"D:/Microcontroller/STM32F40x/STM32F4_RTOS/RTOS_workspace/STM32_FreeRTOS_Bin_Sema_Tasks/StdPeriph_Driver/inc" -I"D:/Microcontroller/STM32F40x/STM32F4_RTOS/RTOS_workspace/STM32_FreeRTOS_Bin_Sema_Tasks/Config" -I"D:/Microcontroller/STM32F40x/STM32F4_RTOS/RTOS_workspace/STM32_FreeRTOS_Bin_Sema_Tasks/Third-Party/FreeRTOS/org/Source/include" -I"D:/Microcontroller/STM32F40x/STM32F4_RTOS/RTOS_workspace/STM32_FreeRTOS_Bin_Sema_Tasks/Third-Party/FreeRTOS/org/Source/portable/GCC/ARM_CM4F" -I"D:/Microcontroller/STM32F40x/STM32F4_RTOS/RTOS_workspace/STM32_FreeRTOS_Bin_Sema_Tasks/Third-Party/SEGGER/Config" -I"D:/Microcontroller/STM32F40x/STM32F4_RTOS/RTOS_workspace/STM32_FreeRTOS_Bin_Sema_Tasks/Third-Party/SEGGER/OS" -I"D:/Microcontroller/STM32F40x/STM32F4_RTOS/RTOS_workspace/STM32_FreeRTOS_Bin_Sema_Tasks/Third-Party/SEGGER/SEGGER" -I"D:/Microcontroller/STM32F40x/STM32F4_RTOS/RTOS_workspace/STM32_FreeRTOS_Bin_Sema_Tasks/inc" -I"D:/Microcontroller/STM32F40x/STM32F4_RTOS/RTOS_workspace/STM32_FreeRTOS_Bin_Sema_Tasks/CMSIS/device" -I"D:/Microcontroller/STM32F40x/STM32F4_RTOS/RTOS_workspace/STM32_FreeRTOS_Bin_Sema_Tasks/CMSIS/core" -O0 -ffunction-sections -Wall -fstack-usage -fcyclomatic-complexity -MMD -MP -MF"StdPeriph_Driver/src/stm32f4xx_dbgmcu.d" -MT"StdPeriph_Driver/src/stm32f4xx_dbgmcu.o" --specs=nano.specs -mfpu=fpv4-sp-d16 -mfloat-abi=hard -mthumb -o "StdPeriph_Driver/src/stm32f4xx_dbgmcu.o"
arm-none-eabi-gcc "../StdPeriph_Driver/src/stm32f4xx_dcmi.c" -mcpu=cortex-m4 -std=gnu11 -g3 -DSTM32 -DSTM32F4 -DSTM32F446RETx -DNUCLEO_F446RE -DDEBUG -DSTM32F446xx -DUSE_STDPERIPH_DRIVER -c -I"D:/Microcontroller/STM32F40x/STM32F4_RTOS/RTOS_workspace/STM32_FreeRTOS_Bin_Sema_Tasks/StdPeriph_Driver/inc" -I"D:/Microcontroller/STM32F40x/STM32F4_RTOS/RTOS_workspace/STM32_FreeRTOS_Bin_Sema_Tasks/Config" -I"D:/Microcontroller/STM32F40x/STM32F4_RTOS/RTOS_workspace/STM32_FreeRTOS_Bin_Sema_Tasks/Third-Party/FreeRTOS/org/Source/include" -I"D:/Microcontroller/STM32F40x/STM32F4_RTOS/RTOS_workspace/STM32_FreeRTOS_Bin_Sema_Tasks/Third-Party/FreeRTOS/org/Source/portable/GCC/ARM_CM4F" -I"D:/Microcontroller/STM32F40x/STM32F4_RTOS/RTOS_workspace/STM32_FreeRTOS_Bin_Sema_Tasks/Third-Party/SEGGER/Config" -I"D:/Microcontroller/STM32F40x/STM32F4_RTOS/RTOS_workspace/STM32_FreeRTOS_Bin_Sema_Tasks/Third-Party/SEGGER/OS" -I"D:/Microcontroller/STM32F40x/STM32F4_RTOS/RTOS_workspace/STM32_FreeRTOS_Bin_Sema_Tasks/Third-Party/SEGGER/SEGGER" -I"D:/Microcontroller/STM32F40x/STM32F4_RTOS/RTOS_workspace/STM32_FreeRTOS_Bin_Sema_Tasks/inc" -I"D:/Microcontroller/STM32F40x/STM32F4_RTOS/RTOS_workspace/STM32_FreeRTOS_Bin_Sema_Tasks/CMSIS/device" -I"D:/Microcontroller/STM32F40x/STM32F4_RTOS/RTOS_workspace/STM32_FreeRTOS_Bin_Sema_Tasks/CMSIS/core" -O0 -ffunction-sections -Wall -fstack-usage -fcyclomatic-complexity -MMD -MP -MF"StdPeriph_Driver/src/stm32f4xx_dcmi.d" -MT"StdPeriph_Driver/src/stm32f4xx_dcmi.o" --specs=nano.specs -mfpu=fpv4-sp-d16 -mfloat-abi=hard -mthumb -o "StdPeriph_Driver/src/stm32f4xx_dcmi.o"
arm-none-eabi-gcc "../StdPeriph_Driver/src/stm32f4xx_dfsdm.c" -mcpu=cortex-m4 -std=gnu11 -g3 -DSTM32 -DSTM32F4 -DSTM32F446RETx -DNUCLEO_F446RE -DDEBUG -DSTM32F446xx -DUSE_STDPERIPH_DRIVER -c -I"D:/Microcontroller/STM32F40x/STM32F4_RTOS/RTOS_workspace/STM32_FreeRTOS_Bin_Sema_Tasks/StdPeriph_Driver/inc" -I"D:/Microcontroller/STM32F40x/STM32F4_RTOS/RTOS_workspace/STM32_FreeRTOS_Bin_Sema_Tasks/Config" -I"D:/Microcontroller/STM32F40x/STM32F4_RTOS/RTOS_workspace/STM32_FreeRTOS_Bin_Sema_Tasks/Third-Party/FreeRTOS/org/Source/include" -I"D:/Microcontroller/STM32F40x/STM32F4_RTOS/RTOS_workspace/STM32_FreeRTOS_Bin_Sema_Tasks/Third-Party/FreeRTOS/org/Source/portable/GCC/ARM_CM4F" -I"D:/Microcontroller/STM32F40x/STM32F4_RTOS/RTOS_workspace/STM32_FreeRTOS_Bin_Sema_Tasks/Third-Party/SEGGER/Config" -I"D:/Microcontroller/STM32F40x/STM32F4_RTOS/RTOS_workspace/STM32_FreeRTOS_Bin_Sema_Tasks/Third-Party/SEGGER/OS" -I"D:/Microcontroller/STM32F40x/STM32F4_RTOS/RTOS_workspace/STM32_FreeRTOS_Bin_Sema_Tasks/Third-Party/SEGGER/SEGGER" -I"D:/Microcontroller/STM32F40x/STM32F4_RTOS/RTOS_workspace/STM32_FreeRTOS_Bin_Sema_Tasks/inc" -I"D:/Microcontroller/STM32F40x/STM32F4_RTOS/RTOS_workspace/STM32_FreeRTOS_Bin_Sema_Tasks/CMSIS/device" -I"D:/Microcontroller/STM32F40x/STM32F4_RTOS/RTOS_workspace/STM32_FreeRTOS_Bin_Sema_Tasks/CMSIS/core" -O0 -ffunction-sections -Wall -fstack-usage -fcyclomatic-complexity -MMD -MP -MF"StdPeriph_Driver/src/stm32f4xx_dfsdm.d" -MT"StdPeriph_Driver/src/stm32f4xx_dfsdm.o" --specs=nano.specs -mfpu=fpv4-sp-d16 -mfloat-abi=hard -mthumb -o "StdPeriph_Driver/src/stm32f4xx_dfsdm.o"
arm-none-eabi-gcc "../StdPeriph_Driver/src/stm32f4xx_dma.c" -mcpu=cortex-m4 -std=gnu11 -g3 -DSTM32 -DSTM32F4 -DSTM32F446RETx -DNUCLEO_F446RE -DDEBUG -DSTM32F446xx -DUSE_STDPERIPH_DRIVER -c -I"D:/Microcontroller/STM32F40x/STM32F4_RTOS/RTOS_workspace/STM32_FreeRTOS_Bin_Sema_Tasks/StdPeriph_Driver/inc" -I"D:/Microcontroller/STM32F40x/STM32F4_RTOS/RTOS_workspace/STM32_FreeRTOS_Bin_Sema_Tasks/Config" -I"D:/Microcontroller/STM32F40x/STM32F4_RTOS/RTOS_workspace/STM32_FreeRTOS_Bin_Sema_Tasks/Third-Party/FreeRTOS/org/Source/include" -I"D:/Microcontroller/STM32F40x/STM32F4_RTOS/RTOS_workspace/STM32_FreeRTOS_Bin_Sema_Tasks/Third-Party/FreeRTOS/org/Source/portable/GCC/ARM_CM4F" -I"D:/Microcontroller/STM32F40x/STM32F4_RTOS/RTOS_workspace/STM32_FreeRTOS_Bin_Sema_Tasks/Third-Party/SEGGER/Config" -I"D:/Microcontroller/STM32F40x/STM32F4_RTOS/RTOS_workspace/STM32_FreeRTOS_Bin_Sema_Tasks/Third-Party/SEGGER/OS" -I"D:/Microcontroller/STM32F40x/STM32F4_RTOS/RTOS_workspace/STM32_FreeRTOS_Bin_Sema_Tasks/Third-Party/SEGGER/SEGGER" -I"D:/Microcontroller/STM32F40x/STM32F4_RTOS/RTOS_workspace/STM32_FreeRTOS_Bin_Sema_Tasks/inc" -I"D:/Microcontroller/STM32F40x/STM32F4_RTOS/RTOS_workspace/STM32_FreeRTOS_Bin_Sema_Tasks/CMSIS/device" -I"D:/Microcontroller/STM32F40x/STM32F4_RTOS/RTOS_workspace/STM32_FreeRTOS_Bin_Sema_Tasks/CMSIS/core" -O0 -ffunction-sections -Wall -fstack-usage -fcyclomatic-complexity -MMD -MP -MF"StdPeriph_Driver/src/stm32f4xx_dma.d" -MT"StdPeriph_Driver/src/stm32f4xx_dma.o" --specs=nano.specs -mfpu=fpv4-sp-d16 -mfloat-abi=hard -mthumb -o "StdPeriph_Driver/src/stm32f4xx_dma.o"
arm-none-eabi-gcc "../StdPeriph_Driver/src/stm32f4xx_dma2d.c" -mcpu=cortex-m4 -std=gnu11 -g3 -DSTM32 -DSTM32F4 -DSTM32F446RETx -DNUCLEO_F446RE -DDEBUG -DSTM32F446xx -DUSE_STDPERIPH_DRIVER -c -I"D:/Microcontroller/STM32F40x/STM32F4_RTOS/RTOS_workspace/STM32_FreeRTOS_Bin_Sema_Tasks/StdPeriph_Driver/inc" -I"D:/Microcontroller/STM32F40x/STM32F4_RTOS/RTOS_workspace/STM32_FreeRTOS_Bin_Sema_Tasks/Config" -I"D:/Microcontroller/STM32F40x/STM32F4_RTOS/RTOS_workspace/STM32_FreeRTOS_Bin_Sema_Tasks/Third-Party/FreeRTOS/org/Source/include" -I"D:/Microcontroller/STM32F40x/STM32F4_RTOS/RTOS_workspace/STM32_FreeRTOS_Bin_Sema_Tasks/Third-Party/FreeRTOS/org/Source/portable/GCC/ARM_CM4F" -I"D:/Microcontroller/STM32F40x/STM32F4_RTOS/RTOS_workspace/STM32_FreeRTOS_Bin_Sema_Tasks/Third-Party/SEGGER/Config" -I"D:/Microcontroller/STM32F40x/STM32F4_RTOS/RTOS_workspace/STM32_FreeRTOS_Bin_Sema_Tasks/Third-Party/SEGGER/OS" -I"D:/Microcontroller/STM32F40x/STM32F4_RTOS/RTOS_workspace/STM32_FreeRTOS_Bin_Sema_Tasks/Third-Party/SEGGER/SEGGER" -I"D:/Microcontroller/STM32F40x/STM32F4_RTOS/RTOS_workspace/STM32_FreeRTOS_Bin_Sema_Tasks/inc" -I"D:/Microcontroller/STM32F40x/STM32F4_RTOS/RTOS_workspace/STM32_FreeRTOS_Bin_Sema_Tasks/CMSIS/device" -I"D:/Microcontroller/STM32F40x/STM32F4_RTOS/RTOS_workspace/STM32_FreeRTOS_Bin_Sema_Tasks/CMSIS/core" -O0 -ffunction-sections -Wall -fstack-usage -fcyclomatic-complexity -MMD -MP -MF"StdPeriph_Driver/src/stm32f4xx_dma2d.d" -MT"StdPeriph_Driver/src/stm32f4xx_dma2d.o" --specs=nano.specs -mfpu=fpv4-sp-d16 -mfloat-abi=hard -mthumb -o "StdPeriph_Driver/src/stm32f4xx_dma2d.o"
arm-none-eabi-gcc "../StdPeriph_Driver/src/stm32f4xx_dsi.c" -mcpu=cortex-m4 -std=gnu11 -g3 -DSTM32 -DSTM32F4 -DSTM32F446RETx -DNUCLEO_F446RE -DDEBUG -DSTM32F446xx -DUSE_STDPERIPH_DRIVER -c -I"D:/Microcontroller/STM32F40x/STM32F4_RTOS/RTOS_workspace/STM32_FreeRTOS_Bin_Sema_Tasks/StdPeriph_Driver/inc" -I"D:/Microcontroller/STM32F40x/STM32F4_RTOS/RTOS_workspace/STM32_FreeRTOS_Bin_Sema_Tasks/Config" -I"D:/Microcontroller/STM32F40x/STM32F4_RTOS/RTOS_workspace/STM32_FreeRTOS_Bin_Sema_Tasks/Third-Party/FreeRTOS/org/Source/include" -I"D:/Microcontroller/STM32F40x/STM32F4_RTOS/RTOS_workspace/STM32_FreeRTOS_Bin_Sema_Tasks/Third-Party/FreeRTOS/org/Source/portable/GCC/ARM_CM4F" -I"D:/Microcontroller/STM32F40x/STM32F4_RTOS/RTOS_workspace/STM32_FreeRTOS_Bin_Sema_Tasks/Third-Party/SEGGER/Config" -I"D:/Microcontroller/STM32F40x/STM32F4_RTOS/RTOS_workspace/STM32_FreeRTOS_Bin_Sema_Tasks/Third-Party/SEGGER/OS" -I"D:/Microcontroller/STM32F40x/STM32F4_RTOS/RTOS_workspace/STM32_FreeRTOS_Bin_Sema_Tasks/Third-Party/SEGGER/SEGGER" -I"D:/Microcontroller/STM32F40x/STM32F4_RTOS/RTOS_workspace/STM32_FreeRTOS_Bin_Sema_Tasks/inc" -I"D:/Microcontroller/STM32F40x/STM32F4_RTOS/RTOS_workspace/STM32_FreeRTOS_Bin_Sema_Tasks/CMSIS/device" -I"D:/Microcontroller/STM32F40x/STM32F4_RTOS/RTOS_workspace/STM32_FreeRTOS_Bin_Sema_Tasks/CMSIS/core" -O0 -ffunction-sections -Wall -fstack-usage -fcyclomatic-complexity -MMD -MP -MF"StdPeriph_Driver/src/stm32f4xx_dsi.d" -MT"StdPeriph_Driver/src/stm32f4xx_dsi.o" --specs=nano.specs -mfpu=fpv4-sp-d16 -mfloat-abi=hard -mthumb -o "StdPeriph_Driver/src/stm32f4xx_dsi.o"
arm-none-eabi-gcc "../StdPeriph_Driver/src/stm32f4xx_exti.c" -mcpu=cortex-m4 -std=gnu11 -g3 -DSTM32 -DSTM32F4 -DSTM32F446RETx -DNUCLEO_F446RE -DDEBUG -DSTM32F446xx -DUSE_STDPERIPH_DRIVER -c -I"D:/Microcontroller/STM32F40x/STM32F4_RTOS/RTOS_workspace/STM32_FreeRTOS_Bin_Sema_Tasks/StdPeriph_Driver/inc" -I"D:/Microcontroller/STM32F40x/STM32F4_RTOS/RTOS_workspace/STM32_FreeRTOS_Bin_Sema_Tasks/Config" -I"D:/Microcontroller/STM32F40x/STM32F4_RTOS/RTOS_workspace/STM32_FreeRTOS_Bin_Sema_Tasks/Third-Party/FreeRTOS/org/Source/include" -I"D:/Microcontroller/STM32F40x/STM32F4_RTOS/RTOS_workspace/STM32_FreeRTOS_Bin_Sema_Tasks/Third-Party/FreeRTOS/org/Source/portable/GCC/ARM_CM4F" -I"D:/Microcontroller/STM32F40x/STM32F4_RTOS/RTOS_workspace/STM32_FreeRTOS_Bin_Sema_Tasks/Third-Party/SEGGER/Config" -I"D:/Microcontroller/STM32F40x/STM32F4_RTOS/RTOS_workspace/STM32_FreeRTOS_Bin_Sema_Tasks/Third-Party/SEGGER/OS" -I"D:/Microcontroller/STM32F40x/STM32F4_RTOS/RTOS_workspace/STM32_FreeRTOS_Bin_Sema_Tasks/Third-Party/SEGGER/SEGGER" -I"D:/Microcontroller/STM32F40x/STM32F4_RTOS/RTOS_workspace/STM32_FreeRTOS_Bin_Sema_Tasks/inc" -I"D:/Microcontroller/STM32F40x/STM32F4_RTOS/RTOS_workspace/STM32_FreeRTOS_Bin_Sema_Tasks/CMSIS/device" -I"D:/Microcontroller/STM32F40x/STM32F4_RTOS/RTOS_workspace/STM32_FreeRTOS_Bin_Sema_Tasks/CMSIS/core" -O0 -ffunction-sections -Wall -fstack-usage -fcyclomatic-complexity -MMD -MP -MF"StdPeriph_Driver/src/stm32f4xx_exti.d" -MT"StdPeriph_Driver/src/stm32f4xx_exti.o" --specs=nano.specs -mfpu=fpv4-sp-d16 -mfloat-abi=hard -mthumb -o "StdPeriph_Driver/src/stm32f4xx_exti.o"
arm-none-eabi-gcc "../StdPeriph_Driver/src/stm32f4xx_flash.c" -mcpu=cortex-m4 -std=gnu11 -g3 -DSTM32 -DSTM32F4 -DSTM32F446RETx -DNUCLEO_F446RE -DDEBUG -DSTM32F446xx -DUSE_STDPERIPH_DRIVER -c -I"D:/Microcontroller/STM32F40x/STM32F4_RTOS/RTOS_workspace/STM32_FreeRTOS_Bin_Sema_Tasks/StdPeriph_Driver/inc" -I"D:/Microcontroller/STM32F40x/STM32F4_RTOS/RTOS_workspace/STM32_FreeRTOS_Bin_Sema_Tasks/Config" -I"D:/Microcontroller/STM32F40x/STM32F4_RTOS/RTOS_workspace/STM32_FreeRTOS_Bin_Sema_Tasks/Third-Party/FreeRTOS/org/Source/include" -I"D:/Microcontroller/STM32F40x/STM32F4_RTOS/RTOS_workspace/STM32_FreeRTOS_Bin_Sema_Tasks/Third-Party/FreeRTOS/org/Source/portable/GCC/ARM_CM4F" -I"D:/Microcontroller/STM32F40x/STM32F4_RTOS/RTOS_workspace/STM32_FreeRTOS_Bin_Sema_Tasks/Third-Party/SEGGER/Config" -I"D:/Microcontroller/STM32F40x/STM32F4_RTOS/RTOS_workspace/STM32_FreeRTOS_Bin_Sema_Tasks/Third-Party/SEGGER/OS" -I"D:/Microcontroller/STM32F40x/STM32F4_RTOS/RTOS_workspace/STM32_FreeRTOS_Bin_Sema_Tasks/Third-Party/SEGGER/SEGGER" -I"D:/Microcontroller/STM32F40x/STM32F4_RTOS/RTOS_workspace/STM32_FreeRTOS_Bin_Sema_Tasks/inc" -I"D:/Microcontroller/STM32F40x/STM32F4_RTOS/RTOS_workspace/STM32_FreeRTOS_Bin_Sema_Tasks/CMSIS/device" -I"D:/Microcontroller/STM32F40x/STM32F4_RTOS/RTOS_workspace/STM32_FreeRTOS_Bin_Sema_Tasks/CMSIS/core" -O0 -ffunction-sections -Wall -fstack-usage -fcyclomatic-complexity -MMD -MP -MF"StdPeriph_Driver/src/stm32f4xx_flash.d" -MT"StdPeriph_Driver/src/stm32f4xx_flash.o" --specs=nano.specs -mfpu=fpv4-sp-d16 -mfloat-abi=hard -mthumb -o "StdPeriph_Driver/src/stm32f4xx_flash.o"
arm-none-eabi-gcc "../StdPeriph_Driver/src/stm32f4xx_flash_ramfunc.c" -mcpu=cortex-m4 -std=gnu11 -g3 -DSTM32 -DSTM32F4 -DSTM32F446RETx -DNUCLEO_F446RE -DDEBUG -DSTM32F446xx -DUSE_STDPERIPH_DRIVER -c -I"D:/Microcontroller/STM32F40x/STM32F4_RTOS/RTOS_workspace/STM32_FreeRTOS_Bin_Sema_Tasks/StdPeriph_Driver/inc" -I"D:/Microcontroller/STM32F40x/STM32F4_RTOS/RTOS_workspace/STM32_FreeRTOS_Bin_Sema_Tasks/Config" -I"D:/Microcontroller/STM32F40x/STM32F4_RTOS/RTOS_workspace/STM32_FreeRTOS_Bin_Sema_Tasks/Third-Party/FreeRTOS/org/Source/include" -I"D:/Microcontroller/STM32F40x/STM32F4_RTOS/RTOS_workspace/STM32_FreeRTOS_Bin_Sema_Tasks/Third-Party/FreeRTOS/org/Source/portable/GCC/ARM_CM4F" -I"D:/Microcontroller/STM32F40x/STM32F4_RTOS/RTOS_workspace/STM32_FreeRTOS_Bin_Sema_Tasks/Third-Party/SEGGER/Config" -I"D:/Microcontroller/STM32F40x/STM32F4_RTOS/RTOS_workspace/STM32_FreeRTOS_Bin_Sema_Tasks/Third-Party/SEGGER/OS" -I"D:/Microcontroller/STM32F40x/STM32F4_RTOS/RTOS_workspace/STM32_FreeRTOS_Bin_Sema_Tasks/Third-Party/SEGGER/SEGGER" -I"D:/Microcontroller/STM32F40x/STM32F4_RTOS/RTOS_workspace/STM32_FreeRTOS_Bin_Sema_Tasks/inc" -I"D:/Microcontroller/STM32F40x/STM32F4_RTOS/RTOS_workspace/STM32_FreeRTOS_Bin_Sema_Tasks/CMSIS/device" -I"D:/Microcontroller/STM32F40x/STM32F4_RTOS/RTOS_workspace/STM32_FreeRTOS_Bin_Sema_Tasks/CMSIS/core" -O0 -ffunction-sections -Wall -fstack-usage -fcyclomatic-complexity -MMD -MP -MF"StdPeriph_Driver/src/stm32f4xx_flash_ramfunc.d" -MT"StdPeriph_Driver/src/stm32f4xx_flash_ramfunc.o" --specs=nano.specs -mfpu=fpv4-sp-d16 -mfloat-abi=hard -mthumb -o "StdPeriph_Driver/src/stm32f4xx_flash_ramfunc.o"
arm-none-eabi-gcc "../StdPeriph_Driver/src/stm32f4xx_fmc.c" -mcpu=cortex-m4 -std=gnu11 -g3 -DSTM32 -DSTM32F4 -DSTM32F446RETx -DNUCLEO_F446RE -DDEBUG -DSTM32F446xx -DUSE_STDPERIPH_DRIVER -c -I"D:/Microcontroller/STM32F40x/STM32F4_RTOS/RTOS_workspace/STM32_FreeRTOS_Bin_Sema_Tasks/StdPeriph_Driver/inc" -I"D:/Microcontroller/STM32F40x/STM32F4_RTOS/RTOS_workspace/STM32_FreeRTOS_Bin_Sema_Tasks/Config" -I"D:/Microcontroller/STM32F40x/STM32F4_RTOS/RTOS_workspace/STM32_FreeRTOS_Bin_Sema_Tasks/Third-Party/FreeRTOS/org/Source/include" -I"D:/Microcontroller/STM32F40x/STM32F4_RTOS/RTOS_workspace/STM32_FreeRTOS_Bin_Sema_Tasks/Third-Party/FreeRTOS/org/Source/portable/GCC/ARM_CM4F" -I"D:/Microcontroller/STM32F40x/STM32F4_RTOS/RTOS_workspace/STM32_FreeRTOS_Bin_Sema_Tasks/Third-Party/SEGGER/Config" -I"D:/Microcontroller/STM32F40x/STM32F4_RTOS/RTOS_workspace/STM32_FreeRTOS_Bin_Sema_Tasks/Third-Party/SEGGER/OS" -I"D:/Microcontroller/STM32F40x/STM32F4_RTOS/RTOS_workspace/STM32_FreeRTOS_Bin_Sema_Tasks/Third-Party/SEGGER/SEGGER" -I"D:/Microcontroller/STM32F40x/STM32F4_RTOS/RTOS_workspace/STM32_FreeRTOS_Bin_Sema_Tasks/inc" -I"D:/Microcontroller/STM32F40x/STM32F4_RTOS/RTOS_workspace/STM32_FreeRTOS_Bin_Sema_Tasks/CMSIS/device" -I"D:/Microcontroller/STM32F40x/STM32F4_RTOS/RTOS_workspace/STM32_FreeRTOS_Bin_Sema_Tasks/CMSIS/core" -O0 -ffunction-sections -Wall -fstack-usage -fcyclomatic-complexity -MMD -MP -MF"StdPeriph_Driver/src/stm32f4xx_fmc.d" -MT"StdPeriph_Driver/src/stm32f4xx_fmc.o" --specs=nano.specs -mfpu=fpv4-sp-d16 -mfloat-abi=hard -mthumb -o "StdPeriph_Driver/src/stm32f4xx_fmc.o"
arm-none-eabi-gcc "../StdPeriph_Driver/src/stm32f4xx_fmip2c.c" -mcpu=cortex-m4 -std=gnu11 -g3 -DSTM32 -DSTM32F4 -DSTM32F446RETx -DNUCLEO_F446RE -DDEBUG -DSTM32F446xx -DUSE_STDPERIPH_DRIVER -c -I"D:/Microcontroller/STM32F40x/STM32F4_RTOS/RTOS_workspace/STM32_FreeRTOS_Bin_Sema_Tasks/StdPeriph_Driver/inc" -I"D:/Microcontroller/STM32F40x/STM32F4_RTOS/RTOS_workspace/STM32_FreeRTOS_Bin_Sema_Tasks/Config" -I"D:/Microcontroller/STM32F40x/STM32F4_RTOS/RTOS_workspace/STM32_FreeRTOS_Bin_Sema_Tasks/Third-Party/FreeRTOS/org/Source/include" -I"D:/Microcontroller/STM32F40x/STM32F4_RTOS/RTOS_workspace/STM32_FreeRTOS_Bin_Sema_Tasks/Third-Party/FreeRTOS/org/Source/portable/GCC/ARM_CM4F" -I"D:/Microcontroller/STM32F40x/STM32F4_RTOS/RTOS_workspace/STM32_FreeRTOS_Bin_Sema_Tasks/Third-Party/SEGGER/Config" -I"D:/Microcontroller/STM32F40x/STM32F4_RTOS/RTOS_workspace/STM32_FreeRTOS_Bin_Sema_Tasks/Third-Party/SEGGER/OS" -I"D:/Microcontroller/STM32F40x/STM32F4_RTOS/RTOS_workspace/STM32_FreeRTOS_Bin_Sema_Tasks/Third-Party/SEGGER/SEGGER" -I"D:/Microcontroller/STM32F40x/STM32F4_RTOS/RTOS_workspace/STM32_FreeRTOS_Bin_Sema_Tasks/inc" -I"D:/Microcontroller/STM32F40x/STM32F4_RTOS/RTOS_workspace/STM32_FreeRTOS_Bin_Sema_Tasks/CMSIS/device" -I"D:/Microcontroller/STM32F40x/STM32F4_RTOS/RTOS_workspace/STM32_FreeRTOS_Bin_Sema_Tasks/CMSIS/core" -O0 -ffunction-sections -Wall -fstack-usage -fcyclomatic-complexity -MMD -MP -MF"StdPeriph_Driver/src/stm32f4xx_fmip2c.d" -MT"StdPeriph_Driver/src/stm32f4xx_fmip2c.o" --specs=nano.specs -mfpu=fpv4-sp-d16 -mfloat-abi=hard -mthumb -o "StdPeriph_Driver/src/stm32f4xx_fmip2c.o"
arm-none-eabi-gcc "../StdPeriph_Driver/src/stm32f4xx_fsmc.c" -mcpu=cortex-m4 -std=gnu11 -g3 -DSTM32 -DSTM32F4 -DSTM32F446RETx -DNUCLEO_F446RE -DDEBUG -DSTM32F446xx -DUSE_STDPERIPH_DRIVER -c -I"D:/Microcontroller/STM32F40x/STM32F4_RTOS/RTOS_workspace/STM32_FreeRTOS_Bin_Sema_Tasks/StdPeriph_Driver/inc" -I"D:/Microcontroller/STM32F40x/STM32F4_RTOS/RTOS_workspace/STM32_FreeRTOS_Bin_Sema_Tasks/Config" -I"D:/Microcontroller/STM32F40x/STM32F4_RTOS/RTOS_workspace/STM32_FreeRTOS_Bin_Sema_Tasks/Third-Party/FreeRTOS/org/Source/include" -I"D:/Microcontroller/STM32F40x/STM32F4_RTOS/RTOS_workspace/STM32_FreeRTOS_Bin_Sema_Tasks/Third-Party/FreeRTOS/org/Source/portable/GCC/ARM_CM4F" -I"D:/Microcontroller/STM32F40x/STM32F4_RTOS/RTOS_workspace/STM32_FreeRTOS_Bin_Sema_Tasks/Third-Party/SEGGER/Config" -I"D:/Microcontroller/STM32F40x/STM32F4_RTOS/RTOS_workspace/STM32_FreeRTOS_Bin_Sema_Tasks/Third-Party/SEGGER/OS" -I"D:/Microcontroller/STM32F40x/STM32F4_RTOS/RTOS_workspace/STM32_FreeRTOS_Bin_Sema_Tasks/Third-Party/SEGGER/SEGGER" -I"D:/Microcontroller/STM32F40x/STM32F4_RTOS/RTOS_workspace/STM32_FreeRTOS_Bin_Sema_Tasks/inc" -I"D:/Microcontroller/STM32F40x/STM32F4_RTOS/RTOS_workspace/STM32_FreeRTOS_Bin_Sema_Tasks/CMSIS/device" -I"D:/Microcontroller/STM32F40x/STM32F4_RTOS/RTOS_workspace/STM32_FreeRTOS_Bin_Sema_Tasks/CMSIS/core" -O0 -ffunction-sections -Wall -fstack-usage -fcyclomatic-complexity -MMD -MP -MF"StdPeriph_Driver/src/stm32f4xx_fsmc.d" -MT"StdPeriph_Driver/src/stm32f4xx_fsmc.o" --specs=nano.specs -mfpu=fpv4-sp-d16 -mfloat-abi=hard -mthumb -o "StdPeriph_Driver/src/stm32f4xx_fsmc.o"
arm-none-eabi-gcc "../StdPeriph_Driver/src/stm32f4xx_gpio.c" -mcpu=cortex-m4 -std=gnu11 -g3 -DSTM32 -DSTM32F4 -DSTM32F446RETx -DNUCLEO_F446RE -DDEBUG -DSTM32F446xx -DUSE_STDPERIPH_DRIVER -c -I"D:/Microcontroller/STM32F40x/STM32F4_RTOS/RTOS_workspace/STM32_FreeRTOS_Bin_Sema_Tasks/StdPeriph_Driver/inc" -I"D:/Microcontroller/STM32F40x/STM32F4_RTOS/RTOS_workspace/STM32_FreeRTOS_Bin_Sema_Tasks/Config" -I"D:/Microcontroller/STM32F40x/STM32F4_RTOS/RTOS_workspace/STM32_FreeRTOS_Bin_Sema_Tasks/Third-Party/FreeRTOS/org/Source/include" -I"D:/Microcontroller/STM32F40x/STM32F4_RTOS/RTOS_workspace/STM32_FreeRTOS_Bin_Sema_Tasks/Third-Party/FreeRTOS/org/Source/portable/GCC/ARM_CM4F" -I"D:/Microcontroller/STM32F40x/STM32F4_RTOS/RTOS_workspace/STM32_FreeRTOS_Bin_Sema_Tasks/Third-Party/SEGGER/Config" -I"D:/Microcontroller/STM32F40x/STM32F4_RTOS/RTOS_workspace/STM32_FreeRTOS_Bin_Sema_Tasks/Third-Party/SEGGER/OS" -I"D:/Microcontroller/STM32F40x/STM32F4_RTOS/RTOS_workspace/STM32_FreeRTOS_Bin_Sema_Tasks/Third-Party/SEGGER/SEGGER" -I"D:/Microcontroller/STM32F40x/STM32F4_RTOS/RTOS_workspace/STM32_FreeRTOS_Bin_Sema_Tasks/inc" -I"D:/Microcontroller/STM32F40x/STM32F4_RTOS/RTOS_workspace/STM32_FreeRTOS_Bin_Sema_Tasks/CMSIS/device" -I"D:/Microcontroller/STM32F40x/STM32F4_RTOS/RTOS_workspace/STM32_FreeRTOS_Bin_Sema_Tasks/CMSIS/core" -O0 -ffunction-sections -Wall -fstack-usage -fcyclomatic-complexity -MMD -MP -MF"StdPeriph_Driver/src/stm32f4xx_gpio.d" -MT"StdPeriph_Driver/src/stm32f4xx_gpio.o" --specs=nano.specs -mfpu=fpv4-sp-d16 -mfloat-abi=hard -mthumb -o "StdPeriph_Driver/src/stm32f4xx_gpio.o"
arm-none-eabi-gcc "../StdPeriph_Driver/src/stm32f4xx_hash.c" -mcpu=cortex-m4 -std=gnu11 -g3 -DSTM32 -DSTM32F4 -DSTM32F446RETx -DNUCLEO_F446RE -DDEBUG -DSTM32F446xx -DUSE_STDPERIPH_DRIVER -c -I"D:/Microcontroller/STM32F40x/STM32F4_RTOS/RTOS_workspace/STM32_FreeRTOS_Bin_Sema_Tasks/StdPeriph_Driver/inc" -I"D:/Microcontroller/STM32F40x/STM32F4_RTOS/RTOS_workspace/STM32_FreeRTOS_Bin_Sema_Tasks/Config" -I"D:/Microcontroller/STM32F40x/STM32F4_RTOS/RTOS_workspace/STM32_FreeRTOS_Bin_Sema_Tasks/Third-Party/FreeRTOS/org/Source/include" -I"D:/Microcontroller/STM32F40x/STM32F4_RTOS/RTOS_workspace/STM32_FreeRTOS_Bin_Sema_Tasks/Third-Party/FreeRTOS/org/Source/portable/GCC/ARM_CM4F" -I"D:/Microcontroller/STM32F40x/STM32F4_RTOS/RTOS_workspace/STM32_FreeRTOS_Bin_Sema_Tasks/Third-Party/SEGGER/Config" -I"D:/Microcontroller/STM32F40x/STM32F4_RTOS/RTOS_workspace/STM32_FreeRTOS_Bin_Sema_Tasks/Third-Party/SEGGER/OS" -I"D:/Microcontroller/STM32F40x/STM32F4_RTOS/RTOS_workspace/STM32_FreeRTOS_Bin_Sema_Tasks/Third-Party/SEGGER/SEGGER" -I"D:/Microcontroller/STM32F40x/STM32F4_RTOS/RTOS_workspace/STM32_FreeRTOS_Bin_Sema_Tasks/inc" -I"D:/Microcontroller/STM32F40x/STM32F4_RTOS/RTOS_workspace/STM32_FreeRTOS_Bin_Sema_Tasks/CMSIS/device" -I"D:/Microcontroller/STM32F40x/STM32F4_RTOS/RTOS_workspace/STM32_FreeRTOS_Bin_Sema_Tasks/CMSIS/core" -O0 -ffunction-sections -Wall -fstack-usage -fcyclomatic-complexity -MMD -MP -MF"StdPeriph_Driver/src/stm32f4xx_hash.d" -MT"StdPeriph_Driver/src/stm32f4xx_hash.o" --specs=nano.specs -mfpu=fpv4-sp-d16 -mfloat-abi=hard -mthumb -o "StdPeriph_Driver/src/stm32f4xx_hash.o"
arm-none-eabi-gcc "../StdPeriph_Driver/src/stm32f4xx_hash_md5.c" -mcpu=cortex-m4 -std=gnu11 -g3 -DSTM32 -DSTM32F4 -DSTM32F446RETx -DNUCLEO_F446RE -DDEBUG -DSTM32F446xx -DUSE_STDPERIPH_DRIVER -c -I"D:/Microcontroller/STM32F40x/STM32F4_RTOS/RTOS_workspace/STM32_FreeRTOS_Bin_Sema_Tasks/StdPeriph_Driver/inc" -I"D:/Microcontroller/STM32F40x/STM32F4_RTOS/RTOS_workspace/STM32_FreeRTOS_Bin_Sema_Tasks/Config" -I"D:/Microcontroller/STM32F40x/STM32F4_RTOS/RTOS_workspace/STM32_FreeRTOS_Bin_Sema_Tasks/Third-Party/FreeRTOS/org/Source/include" -I"D:/Microcontroller/STM32F40x/STM32F4_RTOS/RTOS_workspace/STM32_FreeRTOS_Bin_Sema_Tasks/Third-Party/FreeRTOS/org/Source/portable/GCC/ARM_CM4F" -I"D:/Microcontroller/STM32F40x/STM32F4_RTOS/RTOS_workspace/STM32_FreeRTOS_Bin_Sema_Tasks/Third-Party/SEGGER/Config" -I"D:/Microcontroller/STM32F40x/STM32F4_RTOS/RTOS_workspace/STM32_FreeRTOS_Bin_Sema_Tasks/Third-Party/SEGGER/OS" -I"D:/Microcontroller/STM32F40x/STM32F4_RTOS/RTOS_workspace/STM32_FreeRTOS_Bin_Sema_Tasks/Third-Party/SEGGER/SEGGER" -I"D:/Microcontroller/STM32F40x/STM32F4_RTOS/RTOS_workspace/STM32_FreeRTOS_Bin_Sema_Tasks/inc" -I"D:/Microcontroller/STM32F40x/STM32F4_RTOS/RTOS_workspace/STM32_FreeRTOS_Bin_Sema_Tasks/CMSIS/device" -I"D:/Microcontroller/STM32F40x/STM32F4_RTOS/RTOS_workspace/STM32_FreeRTOS_Bin_Sema_Tasks/CMSIS/core" -O0 -ffunction-sections -Wall -fstack-usage -fcyclomatic-complexity -MMD -MP -MF"StdPeriph_Driver/src/stm32f4xx_hash_md5.d" -MT"StdPeriph_Driver/src/stm32f4xx_hash_md5.o" --specs=nano.specs -mfpu=fpv4-sp-d16 -mfloat-abi=hard -mthumb -o "StdPeriph_Driver/src/stm32f4xx_hash_md5.o"
arm-none-eabi-gcc "../StdPeriph_Driver/src/stm32f4xx_hash_sha1.c" -mcpu=cortex-m4 -std=gnu11 -g3 -DSTM32 -DSTM32F4 -DSTM32F446RETx -DNUCLEO_F446RE -DDEBUG -DSTM32F446xx -DUSE_STDPERIPH_DRIVER -c -I"D:/Microcontroller/STM32F40x/STM32F4_RTOS/RTOS_workspace/STM32_FreeRTOS_Bin_Sema_Tasks/StdPeriph_Driver/inc" -I"D:/Microcontroller/STM32F40x/STM32F4_RTOS/RTOS_workspace/STM32_FreeRTOS_Bin_Sema_Tasks/Config" -I"D:/Microcontroller/STM32F40x/STM32F4_RTOS/RTOS_workspace/STM32_FreeRTOS_Bin_Sema_Tasks/Third-Party/FreeRTOS/org/Source/include" -I"D:/Microcontroller/STM32F40x/STM32F4_RTOS/RTOS_workspace/STM32_FreeRTOS_Bin_Sema_Tasks/Third-Party/FreeRTOS/org/Source/portable/GCC/ARM_CM4F" -I"D:/Microcontroller/STM32F40x/STM32F4_RTOS/RTOS_workspace/STM32_FreeRTOS_Bin_Sema_Tasks/Third-Party/SEGGER/Config" -I"D:/Microcontroller/STM32F40x/STM32F4_RTOS/RTOS_workspace/STM32_FreeRTOS_Bin_Sema_Tasks/Third-Party/SEGGER/OS" -I"D:/Microcontroller/STM32F40x/STM32F4_RTOS/RTOS_workspace/STM32_FreeRTOS_Bin_Sema_Tasks/Third-Party/SEGGER/SEGGER" -I"D:/Microcontroller/STM32F40x/STM32F4_RTOS/RTOS_workspace/STM32_FreeRTOS_Bin_Sema_Tasks/inc" -I"D:/Microcontroller/STM32F40x/STM32F4_RTOS/RTOS_workspace/STM32_FreeRTOS_Bin_Sema_Tasks/CMSIS/device" -I"D:/Microcontroller/STM32F40x/STM32F4_RTOS/RTOS_workspace/STM32_FreeRTOS_Bin_Sema_Tasks/CMSIS/core" -O0 -ffunction-sections -Wall -fstack-usage -fcyclomatic-complexity -MMD -MP -MF"StdPeriph_Driver/src/stm32f4xx_hash_sha1.d" -MT"StdPeriph_Driver/src/stm32f4xx_hash_sha1.o" --specs=nano.specs -mfpu=fpv4-sp-d16 -mfloat-abi=hard -mthumb -o "StdPeriph_Driver/src/stm32f4xx_hash_sha1.o"
arm-none-eabi-gcc "../StdPeriph_Driver/src/stm32f4xx_i2c.c" -mcpu=cortex-m4 -std=gnu11 -g3 -DSTM32 -DSTM32F4 -DSTM32F446RETx -DNUCLEO_F446RE -DDEBUG -DSTM32F446xx -DUSE_STDPERIPH_DRIVER -c -I"D:/Microcontroller/STM32F40x/STM32F4_RTOS/RTOS_workspace/STM32_FreeRTOS_Bin_Sema_Tasks/StdPeriph_Driver/inc" -I"D:/Microcontroller/STM32F40x/STM32F4_RTOS/RTOS_workspace/STM32_FreeRTOS_Bin_Sema_Tasks/Config" -I"D:/Microcontroller/STM32F40x/STM32F4_RTOS/RTOS_workspace/STM32_FreeRTOS_Bin_Sema_Tasks/Third-Party/FreeRTOS/org/Source/include" -I"D:/Microcontroller/STM32F40x/STM32F4_RTOS/RTOS_workspace/STM32_FreeRTOS_Bin_Sema_Tasks/Third-Party/FreeRTOS/org/Source/portable/GCC/ARM_CM4F" -I"D:/Microcontroller/STM32F40x/STM32F4_RTOS/RTOS_workspace/STM32_FreeRTOS_Bin_Sema_Tasks/Third-Party/SEGGER/Config" -I"D:/Microcontroller/STM32F40x/STM32F4_RTOS/RTOS_workspace/STM32_FreeRTOS_Bin_Sema_Tasks/Third-Party/SEGGER/OS" -I"D:/Microcontroller/STM32F40x/STM32F4_RTOS/RTOS_workspace/STM32_FreeRTOS_Bin_Sema_Tasks/Third-Party/SEGGER/SEGGER" -I"D:/Microcontroller/STM32F40x/STM32F4_RTOS/RTOS_workspace/STM32_FreeRTOS_Bin_Sema_Tasks/inc" -I"D:/Microcontroller/STM32F40x/STM32F4_RTOS/RTOS_workspace/STM32_FreeRTOS_Bin_Sema_Tasks/CMSIS/device" -I"D:/Microcontroller/STM32F40x/STM32F4_RTOS/RTOS_workspace/STM32_FreeRTOS_Bin_Sema_Tasks/CMSIS/core" -O0 -ffunction-sections -Wall -fstack-usage -fcyclomatic-complexity -MMD -MP -MF"StdPeriph_Driver/src/stm32f4xx_i2c.d" -MT"StdPeriph_Driver/src/stm32f4xx_i2c.o" --specs=nano.specs -mfpu=fpv4-sp-d16 -mfloat-abi=hard -mthumb -o "StdPeriph_Driver/src/stm32f4xx_i2c.o"
arm-none-eabi-gcc "../StdPeriph_Driver/src/stm32f4xx_iwdg.c" -mcpu=cortex-m4 -std=gnu11 -g3 -DSTM32 -DSTM32F4 -DSTM32F446RETx -DNUCLEO_F446RE -DDEBUG -DSTM32F446xx -DUSE_STDPERIPH_DRIVER -c -I"D:/Microcontroller/STM32F40x/STM32F4_RTOS/RTOS_workspace/STM32_FreeRTOS_Bin_Sema_Tasks/StdPeriph_Driver/inc" -I"D:/Microcontroller/STM32F40x/STM32F4_RTOS/RTOS_workspace/STM32_FreeRTOS_Bin_Sema_Tasks/Config" -I"D:/Microcontroller/STM32F40x/STM32F4_RTOS/RTOS_workspace/STM32_FreeRTOS_Bin_Sema_Tasks/Third-Party/FreeRTOS/org/Source/include" -I"D:/Microcontroller/STM32F40x/STM32F4_RTOS/RTOS_workspace/STM32_FreeRTOS_Bin_Sema_Tasks/Third-Party/FreeRTOS/org/Source/portable/GCC/ARM_CM4F" -I"D:/Microcontroller/STM32F40x/STM32F4_RTOS/RTOS_workspace/STM32_FreeRTOS_Bin_Sema_Tasks/Third-Party/SEGGER/Config" -I"D:/Microcontroller/STM32F40x/STM32F4_RTOS/RTOS_workspace/STM32_FreeRTOS_Bin_Sema_Tasks/Third-Party/SEGGER/OS" -I"D:/Microcontroller/STM32F40x/STM32F4_RTOS/RTOS_workspace/STM32_FreeRTOS_Bin_Sema_Tasks/Third-Party/SEGGER/SEGGER" -I"D:/Microcontroller/STM32F40x/STM32F4_RTOS/RTOS_workspace/STM32_FreeRTOS_Bin_Sema_Tasks/inc" -I"D:/Microcontroller/STM32F40x/STM32F4_RTOS/RTOS_workspace/STM32_FreeRTOS_Bin_Sema_Tasks/CMSIS/device" -I"D:/Microcontroller/STM32F40x/STM32F4_RTOS/RTOS_workspace/STM32_FreeRTOS_Bin_Sema_Tasks/CMSIS/core" -O0 -ffunction-sections -Wall -fstack-usage -fcyclomatic-complexity -MMD -MP -MF"StdPeriph_Driver/src/stm32f4xx_iwdg.d" -MT"StdPeriph_Driver/src/stm32f4xx_iwdg.o" --specs=nano.specs -mfpu=fpv4-sp-d16 -mfloat-abi=hard -mthumb -o "StdPeriph_Driver/src/stm32f4xx_iwdg.o"
arm-none-eabi-gcc "../StdPeriph_Driver/src/stm32f4xx_lptim.c" -mcpu=cortex-m4 -std=gnu11 -g3 -DSTM32 -DSTM32F4 -DSTM32F446RETx -DNUCLEO_F446RE -DDEBUG -DSTM32F446xx -DUSE_STDPERIPH_DRIVER -c -I"D:/Microcontroller/STM32F40x/STM32F4_RTOS/RTOS_workspace/STM32_FreeRTOS_Bin_Sema_Tasks/StdPeriph_Driver/inc" -I"D:/Microcontroller/STM32F40x/STM32F4_RTOS/RTOS_workspace/STM32_FreeRTOS_Bin_Sema_Tasks/Config" -I"D:/Microcontroller/STM32F40x/STM32F4_RTOS/RTOS_workspace/STM32_FreeRTOS_Bin_Sema_Tasks/Third-Party/FreeRTOS/org/Source/include" -I"D:/Microcontroller/STM32F40x/STM32F4_RTOS/RTOS_workspace/STM32_FreeRTOS_Bin_Sema_Tasks/Third-Party/FreeRTOS/org/Source/portable/GCC/ARM_CM4F" -I"D:/Microcontroller/STM32F40x/STM32F4_RTOS/RTOS_workspace/STM32_FreeRTOS_Bin_Sema_Tasks/Third-Party/SEGGER/Config" -I"D:/Microcontroller/STM32F40x/STM32F4_RTOS/RTOS_workspace/STM32_FreeRTOS_Bin_Sema_Tasks/Third-Party/SEGGER/OS" -I"D:/Microcontroller/STM32F40x/STM32F4_RTOS/RTOS_workspace/STM32_FreeRTOS_Bin_Sema_Tasks/Third-Party/SEGGER/SEGGER" -I"D:/Microcontroller/STM32F40x/STM32F4_RTOS/RTOS_workspace/STM32_FreeRTOS_Bin_Sema_Tasks/inc" -I"D:/Microcontroller/STM32F40x/STM32F4_RTOS/RTOS_workspace/STM32_FreeRTOS_Bin_Sema_Tasks/CMSIS/device" -I"D:/Microcontroller/STM32F40x/STM32F4_RTOS/RTOS_workspace/STM32_FreeRTOS_Bin_Sema_Tasks/CMSIS/core" -O0 -ffunction-sections -Wall -fstack-usage -fcyclomatic-complexity -MMD -MP -MF"StdPeriph_Driver/src/stm32f4xx_lptim.d" -MT"StdPeriph_Driver/src/stm32f4xx_lptim.o" --specs=nano.specs -mfpu=fpv4-sp-d16 -mfloat-abi=hard -mthumb -o "StdPeriph_Driver/src/stm32f4xx_lptim.o"
arm-none-eabi-gcc "../StdPeriph_Driver/src/stm32f4xx_ltdc.c" -mcpu=cortex-m4 -std=gnu11 -g3 -DSTM32 -DSTM32F4 -DSTM32F446RETx -DNUCLEO_F446RE -DDEBUG -DSTM32F446xx -DUSE_STDPERIPH_DRIVER -c -I"D:/Microcontroller/STM32F40x/STM32F4_RTOS/RTOS_workspace/STM32_FreeRTOS_Bin_Sema_Tasks/StdPeriph_Driver/inc" -I"D:/Microcontroller/STM32F40x/STM32F4_RTOS/RTOS_workspace/STM32_FreeRTOS_Bin_Sema_Tasks/Config" -I"D:/Microcontroller/STM32F40x/STM32F4_RTOS/RTOS_workspace/STM32_FreeRTOS_Bin_Sema_Tasks/Third-Party/FreeRTOS/org/Source/include" -I"D:/Microcontroller/STM32F40x/STM32F4_RTOS/RTOS_workspace/STM32_FreeRTOS_Bin_Sema_Tasks/Third-Party/FreeRTOS/org/Source/portable/GCC/ARM_CM4F" -I"D:/Microcontroller/STM32F40x/STM32F4_RTOS/RTOS_workspace/STM32_FreeRTOS_Bin_Sema_Tasks/Third-Party/SEGGER/Config" -I"D:/Microcontroller/STM32F40x/STM32F4_RTOS/RTOS_workspace/STM32_FreeRTOS_Bin_Sema_Tasks/Third-Party/SEGGER/OS" -I"D:/Microcontroller/STM32F40x/STM32F4_RTOS/RTOS_workspace/STM32_FreeRTOS_Bin_Sema_Tasks/Third-Party/SEGGER/SEGGER" -I"D:/Microcontroller/STM32F40x/STM32F4_RTOS/RTOS_workspace/STM32_FreeRTOS_Bin_Sema_Tasks/inc" -I"D:/Microcontroller/STM32F40x/STM32F4_RTOS/RTOS_workspace/STM32_FreeRTOS_Bin_Sema_Tasks/CMSIS/device" -I"D:/Microcontroller/STM32F40x/STM32F4_RTOS/RTOS_workspace/STM32_FreeRTOS_Bin_Sema_Tasks/CMSIS/core" -O0 -ffunction-sections -Wall -fstack-usage -fcyclomatic-complexity -MMD -MP -MF"StdPeriph_Driver/src/stm32f4xx_ltdc.d" -MT"StdPeriph_Driver/src/stm32f4xx_ltdc.o" --specs=nano.specs -mfpu=fpv4-sp-d16 -mfloat-abi=hard -mthumb -o "StdPeriph_Driver/src/stm32f4xx_ltdc.o"
arm-none-eabi-gcc "../StdPeriph_Driver/src/stm32f4xx_pwr.c" -mcpu=cortex-m4 -std=gnu11 -g3 -DSTM32 -DSTM32F4 -DSTM32F446RETx -DNUCLEO_F446RE -DDEBUG -DSTM32F446xx -DUSE_STDPERIPH_DRIVER -c -I"D:/Microcontroller/STM32F40x/STM32F4_RTOS/RTOS_workspace/STM32_FreeRTOS_Bin_Sema_Tasks/StdPeriph_Driver/inc" -I"D:/Microcontroller/STM32F40x/STM32F4_RTOS/RTOS_workspace/STM32_FreeRTOS_Bin_Sema_Tasks/Config" -I"D:/Microcontroller/STM32F40x/STM32F4_RTOS/RTOS_workspace/STM32_FreeRTOS_Bin_Sema_Tasks/Third-Party/FreeRTOS/org/Source/include" -I"D:/Microcontroller/STM32F40x/STM32F4_RTOS/RTOS_workspace/STM32_FreeRTOS_Bin_Sema_Tasks/Third-Party/FreeRTOS/org/Source/portable/GCC/ARM_CM4F" -I"D:/Microcontroller/STM32F40x/STM32F4_RTOS/RTOS_workspace/STM32_FreeRTOS_Bin_Sema_Tasks/Third-Party/SEGGER/Config" -I"D:/Microcontroller/STM32F40x/STM32F4_RTOS/RTOS_workspace/STM32_FreeRTOS_Bin_Sema_Tasks/Third-Party/SEGGER/OS" -I"D:/Microcontroller/STM32F40x/STM32F4_RTOS/RTOS_workspace/STM32_FreeRTOS_Bin_Sema_Tasks/Third-Party/SEGGER/SEGGER" -I"D:/Microcontroller/STM32F40x/STM32F4_RTOS/RTOS_workspace/STM32_FreeRTOS_Bin_Sema_Tasks/inc" -I"D:/Microcontroller/STM32F40x/STM32F4_RTOS/RTOS_workspace/STM32_FreeRTOS_Bin_Sema_Tasks/CMSIS/device" -I"D:/Microcontroller/STM32F40x/STM32F4_RTOS/RTOS_workspace/STM32_FreeRTOS_Bin_Sema_Tasks/CMSIS/core" -O0 -ffunction-sections -Wall -fstack-usage -fcyclomatic-complexity -MMD -MP -MF"StdPeriph_Driver/src/stm32f4xx_pwr.d" -MT"StdPeriph_Driver/src/stm32f4xx_pwr.o" --specs=nano.specs -mfpu=fpv4-sp-d16 -mfloat-abi=hard -mthumb -o "StdPeriph_Driver/src/stm32f4xx_pwr.o"
arm-none-eabi-gcc "../StdPeriph_Driver/src/stm32f4xx_qspi.c" -mcpu=cortex-m4 -std=gnu11 -g3 -DSTM32 -DSTM32F4 -DSTM32F446RETx -DNUCLEO_F446RE -DDEBUG -DSTM32F446xx -DUSE_STDPERIPH_DRIVER -c -I"D:/Microcontroller/STM32F40x/STM32F4_RTOS/RTOS_workspace/STM32_FreeRTOS_Bin_Sema_Tasks/StdPeriph_Driver/inc" -I"D:/Microcontroller/STM32F40x/STM32F4_RTOS/RTOS_workspace/STM32_FreeRTOS_Bin_Sema_Tasks/Config" -I"D:/Microcontroller/STM32F40x/STM32F4_RTOS/RTOS_workspace/STM32_FreeRTOS_Bin_Sema_Tasks/Third-Party/FreeRTOS/org/Source/include" -I"D:/Microcontroller/STM32F40x/STM32F4_RTOS/RTOS_workspace/STM32_FreeRTOS_Bin_Sema_Tasks/Third-Party/FreeRTOS/org/Source/portable/GCC/ARM_CM4F" -I"D:/Microcontroller/STM32F40x/STM32F4_RTOS/RTOS_workspace/STM32_FreeRTOS_Bin_Sema_Tasks/Third-Party/SEGGER/Config" -I"D:/Microcontroller/STM32F40x/STM32F4_RTOS/RTOS_workspace/STM32_FreeRTOS_Bin_Sema_Tasks/Third-Party/SEGGER/OS" -I"D:/Microcontroller/STM32F40x/STM32F4_RTOS/RTOS_workspace/STM32_FreeRTOS_Bin_Sema_Tasks/Third-Party/SEGGER/SEGGER" -I"D:/Microcontroller/STM32F40x/STM32F4_RTOS/RTOS_workspace/STM32_FreeRTOS_Bin_Sema_Tasks/inc" -I"D:/Microcontroller/STM32F40x/STM32F4_RTOS/RTOS_workspace/STM32_FreeRTOS_Bin_Sema_Tasks/CMSIS/device" -I"D:/Microcontroller/STM32F40x/STM32F4_RTOS/RTOS_workspace/STM32_FreeRTOS_Bin_Sema_Tasks/CMSIS/core" -O0 -ffunction-sections -Wall -fstack-usage -fcyclomatic-complexity -MMD -MP -MF"StdPeriph_Driver/src/stm32f4xx_qspi.d" -MT"StdPeriph_Driver/src/stm32f4xx_qspi.o" --specs=nano.specs -mfpu=fpv4-sp-d16 -mfloat-abi=hard -mthumb -o "StdPeriph_Driver/src/stm32f4xx_qspi.o"
arm-none-eabi-gcc "../StdPeriph_Driver/src/stm32f4xx_rcc.c" -mcpu=cortex-m4 -std=gnu11 -g3 -DSTM32 -DSTM32F4 -DSTM32F446RETx -DNUCLEO_F446RE -DDEBUG -DSTM32F446xx -DUSE_STDPERIPH_DRIVER -c -I"D:/Microcontroller/STM32F40x/STM32F4_RTOS/RTOS_workspace/STM32_FreeRTOS_Bin_Sema_Tasks/StdPeriph_Driver/inc" -I"D:/Microcontroller/STM32F40x/STM32F4_RTOS/RTOS_workspace/STM32_FreeRTOS_Bin_Sema_Tasks/Config" -I"D:/Microcontroller/STM32F40x/STM32F4_RTOS/RTOS_workspace/STM32_FreeRTOS_Bin_Sema_Tasks/Third-Party/FreeRTOS/org/Source/include" -I"D:/Microcontroller/STM32F40x/STM32F4_RTOS/RTOS_workspace/STM32_FreeRTOS_Bin_Sema_Tasks/Third-Party/FreeRTOS/org/Source/portable/GCC/ARM_CM4F" -I"D:/Microcontroller/STM32F40x/STM32F4_RTOS/RTOS_workspace/STM32_FreeRTOS_Bin_Sema_Tasks/Third-Party/SEGGER/Config" -I"D:/Microcontroller/STM32F40x/STM32F4_RTOS/RTOS_workspace/STM32_FreeRTOS_Bin_Sema_Tasks/Third-Party/SEGGER/OS" -I"D:/Microcontroller/STM32F40x/STM32F4_RTOS/RTOS_workspace/STM32_FreeRTOS_Bin_Sema_Tasks/Third-Party/SEGGER/SEGGER" -I"D:/Microcontroller/STM32F40x/STM32F4_RTOS/RTOS_workspace/STM32_FreeRTOS_Bin_Sema_Tasks/inc" -I"D:/Microcontroller/STM32F40x/STM32F4_RTOS/RTOS_workspace/STM32_FreeRTOS_Bin_Sema_Tasks/CMSIS/device" -I"D:/Microcontroller/STM32F40x/STM32F4_RTOS/RTOS_workspace/STM32_FreeRTOS_Bin_Sema_Tasks/CMSIS/core" -O0 -ffunction-sections -Wall -fstack-usage -fcyclomatic-complexity -MMD -MP -MF"StdPeriph_Driver/src/stm32f4xx_rcc.d" -MT"StdPeriph_Driver/src/stm32f4xx_rcc.o" --specs=nano.specs -mfpu=fpv4-sp-d16 -mfloat-abi=hard -mthumb -o "StdPeriph_Driver/src/stm32f4xx_rcc.o"
arm-none-eabi-gcc "../StdPeriph_Driver/src/stm32f4xx_rng.c" -mcpu=cortex-m4 -std=gnu11 -g3 -DSTM32 -DSTM32F4 -DSTM32F446RETx -DNUCLEO_F446RE -DDEBUG -DSTM32F446xx -DUSE_STDPERIPH_DRIVER -c -I"D:/Microcontroller/STM32F40x/STM32F4_RTOS/RTOS_workspace/STM32_FreeRTOS_Bin_Sema_Tasks/StdPeriph_Driver/inc" -I"D:/Microcontroller/STM32F40x/STM32F4_RTOS/RTOS_workspace/STM32_FreeRTOS_Bin_Sema_Tasks/Config" -I"D:/Microcontroller/STM32F40x/STM32F4_RTOS/RTOS_workspace/STM32_FreeRTOS_Bin_Sema_Tasks/Third-Party/FreeRTOS/org/Source/include" -I"D:/Microcontroller/STM32F40x/STM32F4_RTOS/RTOS_workspace/STM32_FreeRTOS_Bin_Sema_Tasks/Third-Party/FreeRTOS/org/Source/portable/GCC/ARM_CM4F" -I"D:/Microcontroller/STM32F40x/STM32F4_RTOS/RTOS_workspace/STM32_FreeRTOS_Bin_Sema_Tasks/Third-Party/SEGGER/Config" -I"D:/Microcontroller/STM32F40x/STM32F4_RTOS/RTOS_workspace/STM32_FreeRTOS_Bin_Sema_Tasks/Third-Party/SEGGER/OS" -I"D:/Microcontroller/STM32F40x/STM32F4_RTOS/RTOS_workspace/STM32_FreeRTOS_Bin_Sema_Tasks/Third-Party/SEGGER/SEGGER" -I"D:/Microcontroller/STM32F40x/STM32F4_RTOS/RTOS_workspace/STM32_FreeRTOS_Bin_Sema_Tasks/inc" -I"D:/Microcontroller/STM32F40x/STM32F4_RTOS/RTOS_workspace/STM32_FreeRTOS_Bin_Sema_Tasks/CMSIS/device" -I"D:/Microcontroller/STM32F40x/STM32F4_RTOS/RTOS_workspace/STM32_FreeRTOS_Bin_Sema_Tasks/CMSIS/core" -O0 -ffunction-sections -Wall -fstack-usage -fcyclomatic-complexity -MMD -MP -MF"StdPeriph_Driver/src/stm32f4xx_rng.d" -MT"StdPeriph_Driver/src/stm32f4xx_rng.o" --specs=nano.specs -mfpu=fpv4-sp-d16 -mfloat-abi=hard -mthumb -o "StdPeriph_Driver/src/stm32f4xx_rng.o"
arm-none-eabi-gcc "../StdPeriph_Driver/src/stm32f4xx_rtc.c" -mcpu=cortex-m4 -std=gnu11 -g3 -DSTM32 -DSTM32F4 -DSTM32F446RETx -DNUCLEO_F446RE -DDEBUG -DSTM32F446xx -DUSE_STDPERIPH_DRIVER -c -I"D:/Microcontroller/STM32F40x/STM32F4_RTOS/RTOS_workspace/STM32_FreeRTOS_Bin_Sema_Tasks/StdPeriph_Driver/inc" -I"D:/Microcontroller/STM32F40x/STM32F4_RTOS/RTOS_workspace/STM32_FreeRTOS_Bin_Sema_Tasks/Config" -I"D:/Microcontroller/STM32F40x/STM32F4_RTOS/RTOS_workspace/STM32_FreeRTOS_Bin_Sema_Tasks/Third-Party/FreeRTOS/org/Source/include" -I"D:/Microcontroller/STM32F40x/STM32F4_RTOS/RTOS_workspace/STM32_FreeRTOS_Bin_Sema_Tasks/Third-Party/FreeRTOS/org/Source/portable/GCC/ARM_CM4F" -I"D:/Microcontroller/STM32F40x/STM32F4_RTOS/RTOS_workspace/STM32_FreeRTOS_Bin_Sema_Tasks/Third-Party/SEGGER/Config" -I"D:/Microcontroller/STM32F40x/STM32F4_RTOS/RTOS_workspace/STM32_FreeRTOS_Bin_Sema_Tasks/Third-Party/SEGGER/OS" -I"D:/Microcontroller/STM32F40x/STM32F4_RTOS/RTOS_workspace/STM32_FreeRTOS_Bin_Sema_Tasks/Third-Party/SEGGER/SEGGER" -I"D:/Microcontroller/STM32F40x/STM32F4_RTOS/RTOS_workspace/STM32_FreeRTOS_Bin_Sema_Tasks/inc" -I"D:/Microcontroller/STM32F40x/STM32F4_RTOS/RTOS_workspace/STM32_FreeRTOS_Bin_Sema_Tasks/CMSIS/device" -I"D:/Microcontroller/STM32F40x/STM32F4_RTOS/RTOS_workspace/STM32_FreeRTOS_Bin_Sema_Tasks/CMSIS/core" -O0 -ffunction-sections -Wall -fstack-usage -fcyclomatic-complexity -MMD -MP -MF"StdPeriph_Driver/src/stm32f4xx_rtc.d" -MT"StdPeriph_Driver/src/stm32f4xx_rtc.o" --specs=nano.specs -mfpu=fpv4-sp-d16 -mfloat-abi=hard -mthumb -o "StdPeriph_Driver/src/stm32f4xx_rtc.o"
arm-none-eabi-gcc "../StdPeriph_Driver/src/stm32f4xx_sai.c" -mcpu=cortex-m4 -std=gnu11 -g3 -DSTM32 -DSTM32F4 -DSTM32F446RETx -DNUCLEO_F446RE -DDEBUG -DSTM32F446xx -DUSE_STDPERIPH_DRIVER -c -I"D:/Microcontroller/STM32F40x/STM32F4_RTOS/RTOS_workspace/STM32_FreeRTOS_Bin_Sema_Tasks/StdPeriph_Driver/inc" -I"D:/Microcontroller/STM32F40x/STM32F4_RTOS/RTOS_workspace/STM32_FreeRTOS_Bin_Sema_Tasks/Config" -I"D:/Microcontroller/STM32F40x/STM32F4_RTOS/RTOS_workspace/STM32_FreeRTOS_Bin_Sema_Tasks/Third-Party/FreeRTOS/org/Source/include" -I"D:/Microcontroller/STM32F40x/STM32F4_RTOS/RTOS_workspace/STM32_FreeRTOS_Bin_Sema_Tasks/Third-Party/FreeRTOS/org/Source/portable/GCC/ARM_CM4F" -I"D:/Microcontroller/STM32F40x/STM32F4_RTOS/RTOS_workspace/STM32_FreeRTOS_Bin_Sema_Tasks/Third-Party/SEGGER/Config" -I"D:/Microcontroller/STM32F40x/STM32F4_RTOS/RTOS_workspace/STM32_FreeRTOS_Bin_Sema_Tasks/Third-Party/SEGGER/OS" -I"D:/Microcontroller/STM32F40x/STM32F4_RTOS/RTOS_workspace/STM32_FreeRTOS_Bin_Sema_Tasks/Third-Party/SEGGER/SEGGER" -I"D:/Microcontroller/STM32F40x/STM32F4_RTOS/RTOS_workspace/STM32_FreeRTOS_Bin_Sema_Tasks/inc" -I"D:/Microcontroller/STM32F40x/STM32F4_RTOS/RTOS_workspace/STM32_FreeRTOS_Bin_Sema_Tasks/CMSIS/device" -I"D:/Microcontroller/STM32F40x/STM32F4_RTOS/RTOS_workspace/STM32_FreeRTOS_Bin_Sema_Tasks/CMSIS/core" -O0 -ffunction-sections -Wall -fstack-usage -fcyclomatic-complexity -MMD -MP -MF"StdPeriph_Driver/src/stm32f4xx_sai.d" -MT"StdPeriph_Driver/src/stm32f4xx_sai.o" --specs=nano.specs -mfpu=fpv4-sp-d16 -mfloat-abi=hard -mthumb -o "StdPeriph_Driver/src/stm32f4xx_sai.o"
arm-none-eabi-gcc "../StdPeriph_Driver/src/stm32f4xx_sdio.c" -mcpu=cortex-m4 -std=gnu11 -g3 -DSTM32 -DSTM32F4 -DSTM32F446RETx -DNUCLEO_F446RE -DDEBUG -DSTM32F446xx -DUSE_STDPERIPH_DRIVER -c -I"D:/Microcontroller/STM32F40x/STM32F4_RTOS/RTOS_workspace/STM32_FreeRTOS_Bin_Sema_Tasks/StdPeriph_Driver/inc" -I"D:/Microcontroller/STM32F40x/STM32F4_RTOS/RTOS_workspace/STM32_FreeRTOS_Bin_Sema_Tasks/Config" -I"D:/Microcontroller/STM32F40x/STM32F4_RTOS/RTOS_workspace/STM32_FreeRTOS_Bin_Sema_Tasks/Third-Party/FreeRTOS/org/Source/include" -I"D:/Microcontroller/STM32F40x/STM32F4_RTOS/RTOS_workspace/STM32_FreeRTOS_Bin_Sema_Tasks/Third-Party/FreeRTOS/org/Source/portable/GCC/ARM_CM4F" -I"D:/Microcontroller/STM32F40x/STM32F4_RTOS/RTOS_workspace/STM32_FreeRTOS_Bin_Sema_Tasks/Third-Party/SEGGER/Config" -I"D:/Microcontroller/STM32F40x/STM32F4_RTOS/RTOS_workspace/STM32_FreeRTOS_Bin_Sema_Tasks/Third-Party/SEGGER/OS" -I"D:/Microcontroller/STM32F40x/STM32F4_RTOS/RTOS_workspace/STM32_FreeRTOS_Bin_Sema_Tasks/Third-Party/SEGGER/SEGGER" -I"D:/Microcontroller/STM32F40x/STM32F4_RTOS/RTOS_workspace/STM32_FreeRTOS_Bin_Sema_Tasks/inc" -I"D:/Microcontroller/STM32F40x/STM32F4_RTOS/RTOS_workspace/STM32_FreeRTOS_Bin_Sema_Tasks/CMSIS/device" -I"D:/Microcontroller/STM32F40x/STM32F4_RTOS/RTOS_workspace/STM32_FreeRTOS_Bin_Sema_Tasks/CMSIS/core" -O0 -ffunction-sections -Wall -fstack-usage -fcyclomatic-complexity -MMD -MP -MF"StdPeriph_Driver/src/stm32f4xx_sdio.d" -MT"StdPeriph_Driver/src/stm32f4xx_sdio.o" --specs=nano.specs -mfpu=fpv4-sp-d16 -mfloat-abi=hard -mthumb -o "StdPeriph_Driver/src/stm32f4xx_sdio.o"
arm-none-eabi-gcc "../StdPeriph_Driver/src/stm32f4xx_spdifrx.c" -mcpu=cortex-m4 -std=gnu11 -g3 -DSTM32 -DSTM32F4 -DSTM32F446RETx -DNUCLEO_F446RE -DDEBUG -DSTM32F446xx -DUSE_STDPERIPH_DRIVER -c -I"D:/Microcontroller/STM32F40x/STM32F4_RTOS/RTOS_workspace/STM32_FreeRTOS_Bin_Sema_Tasks/StdPeriph_Driver/inc" -I"D:/Microcontroller/STM32F40x/STM32F4_RTOS/RTOS_workspace/STM32_FreeRTOS_Bin_Sema_Tasks/Config" -I"D:/Microcontroller/STM32F40x/STM32F4_RTOS/RTOS_workspace/STM32_FreeRTOS_Bin_Sema_Tasks/Third-Party/FreeRTOS/org/Source/include" -I"D:/Microcontroller/STM32F40x/STM32F4_RTOS/RTOS_workspace/STM32_FreeRTOS_Bin_Sema_Tasks/Third-Party/FreeRTOS/org/Source/portable/GCC/ARM_CM4F" -I"D:/Microcontroller/STM32F40x/STM32F4_RTOS/RTOS_workspace/STM32_FreeRTOS_Bin_Sema_Tasks/Third-Party/SEGGER/Config" -I"D:/Microcontroller/STM32F40x/STM32F4_RTOS/RTOS_workspace/STM32_FreeRTOS_Bin_Sema_Tasks/Third-Party/SEGGER/OS" -I"D:/Microcontroller/STM32F40x/STM32F4_RTOS/RTOS_workspace/STM32_FreeRTOS_Bin_Sema_Tasks/Third-Party/SEGGER/SEGGER" -I"D:/Microcontroller/STM32F40x/STM32F4_RTOS/RTOS_workspace/STM32_FreeRTOS_Bin_Sema_Tasks/inc" -I"D:/Microcontroller/STM32F40x/STM32F4_RTOS/RTOS_workspace/STM32_FreeRTOS_Bin_Sema_Tasks/CMSIS/device" -I"D:/Microcontroller/STM32F40x/STM32F4_RTOS/RTOS_workspace/STM32_FreeRTOS_Bin_Sema_Tasks/CMSIS/core" -O0 -ffunction-sections -Wall -fstack-usage -fcyclomatic-complexity -MMD -MP -MF"StdPeriph_Driver/src/stm32f4xx_spdifrx.d" -MT"StdPeriph_Driver/src/stm32f4xx_spdifrx.o" --specs=nano.specs -mfpu=fpv4-sp-d16 -mfloat-abi=hard -mthumb -o "StdPeriph_Driver/src/stm32f4xx_spdifrx.o"
arm-none-eabi-gcc "../StdPeriph_Driver/src/stm32f4xx_spi.c" -mcpu=cortex-m4 -std=gnu11 -g3 -DSTM32 -DSTM32F4 -DSTM32F446RETx -DNUCLEO_F446RE -DDEBUG -DSTM32F446xx -DUSE_STDPERIPH_DRIVER -c -I"D:/Microcontroller/STM32F40x/STM32F4_RTOS/RTOS_workspace/STM32_FreeRTOS_Bin_Sema_Tasks/StdPeriph_Driver/inc" -I"D:/Microcontroller/STM32F40x/STM32F4_RTOS/RTOS_workspace/STM32_FreeRTOS_Bin_Sema_Tasks/Config" -I"D:/Microcontroller/STM32F40x/STM32F4_RTOS/RTOS_workspace/STM32_FreeRTOS_Bin_Sema_Tasks/Third-Party/FreeRTOS/org/Source/include" -I"D:/Microcontroller/STM32F40x/STM32F4_RTOS/RTOS_workspace/STM32_FreeRTOS_Bin_Sema_Tasks/Third-Party/FreeRTOS/org/Source/portable/GCC/ARM_CM4F" -I"D:/Microcontroller/STM32F40x/STM32F4_RTOS/RTOS_workspace/STM32_FreeRTOS_Bin_Sema_Tasks/Third-Party/SEGGER/Config" -I"D:/Microcontroller/STM32F40x/STM32F4_RTOS/RTOS_workspace/STM32_FreeRTOS_Bin_Sema_Tasks/Third-Party/SEGGER/OS" -I"D:/Microcontroller/STM32F40x/STM32F4_RTOS/RTOS_workspace/STM32_FreeRTOS_Bin_Sema_Tasks/Third-Party/SEGGER/SEGGER" -I"D:/Microcontroller/STM32F40x/STM32F4_RTOS/RTOS_workspace/STM32_FreeRTOS_Bin_Sema_Tasks/inc" -I"D:/Microcontroller/STM32F40x/STM32F4_RTOS/RTOS_workspace/STM32_FreeRTOS_Bin_Sema_Tasks/CMSIS/device" -I"D:/Microcontroller/STM32F40x/STM32F4_RTOS/RTOS_workspace/STM32_FreeRTOS_Bin_Sema_Tasks/CMSIS/core" -O0 -ffunction-sections -Wall -fstack-usage -fcyclomatic-complexity -MMD -MP -MF"StdPeriph_Driver/src/stm32f4xx_spi.d" -MT"StdPeriph_Driver/src/stm32f4xx_spi.o" --specs=nano.specs -mfpu=fpv4-sp-d16 -mfloat-abi=hard -mthumb -o "StdPeriph_Driver/src/stm32f4xx_spi.o"
arm-none-eabi-gcc "../StdPeriph_Driver/src/stm32f4xx_syscfg.c" -mcpu=cortex-m4 -std=gnu11 -g3 -DSTM32 -DSTM32F4 -DSTM32F446RETx -DNUCLEO_F446RE -DDEBUG -DSTM32F446xx -DUSE_STDPERIPH_DRIVER -c -I"D:/Microcontroller/STM32F40x/STM32F4_RTOS/RTOS_workspace/STM32_FreeRTOS_Bin_Sema_Tasks/StdPeriph_Driver/inc" -I"D:/Microcontroller/STM32F40x/STM32F4_RTOS/RTOS_workspace/STM32_FreeRTOS_Bin_Sema_Tasks/Config" -I"D:/Microcontroller/STM32F40x/STM32F4_RTOS/RTOS_workspace/STM32_FreeRTOS_Bin_Sema_Tasks/Third-Party/FreeRTOS/org/Source/include" -I"D:/Microcontroller/STM32F40x/STM32F4_RTOS/RTOS_workspace/STM32_FreeRTOS_Bin_Sema_Tasks/Third-Party/FreeRTOS/org/Source/portable/GCC/ARM_CM4F" -I"D:/Microcontroller/STM32F40x/STM32F4_RTOS/RTOS_workspace/STM32_FreeRTOS_Bin_Sema_Tasks/Third-Party/SEGGER/Config" -I"D:/Microcontroller/STM32F40x/STM32F4_RTOS/RTOS_workspace/STM32_FreeRTOS_Bin_Sema_Tasks/Third-Party/SEGGER/OS" -I"D:/Microcontroller/STM32F40x/STM32F4_RTOS/RTOS_workspace/STM32_FreeRTOS_Bin_Sema_Tasks/Third-Party/SEGGER/SEGGER" -I"D:/Microcontroller/STM32F40x/STM32F4_RTOS/RTOS_workspace/STM32_FreeRTOS_Bin_Sema_Tasks/inc" -I"D:/Microcontroller/STM32F40x/STM32F4_RTOS/RTOS_workspace/STM32_FreeRTOS_Bin_Sema_Tasks/CMSIS/device" -I"D:/Microcontroller/STM32F40x/STM32F4_RTOS/RTOS_workspace/STM32_FreeRTOS_Bin_Sema_Tasks/CMSIS/core" -O0 -ffunction-sections -Wall -fstack-usage -fcyclomatic-complexity -MMD -MP -MF"StdPeriph_Driver/src/stm32f4xx_syscfg.d" -MT"StdPeriph_Driver/src/stm32f4xx_syscfg.o" --specs=nano.specs -mfpu=fpv4-sp-d16 -mfloat-abi=hard -mthumb -o "StdPeriph_Driver/src/stm32f4xx_syscfg.o"
arm-none-eabi-gcc "../StdPeriph_Driver/src/stm32f4xx_tim.c" -mcpu=cortex-m4 -std=gnu11 -g3 -DSTM32 -DSTM32F4 -DSTM32F446RETx -DNUCLEO_F446RE -DDEBUG -DSTM32F446xx -DUSE_STDPERIPH_DRIVER -c -I"D:/Microcontroller/STM32F40x/STM32F4_RTOS/RTOS_workspace/STM32_FreeRTOS_Bin_Sema_Tasks/StdPeriph_Driver/inc" -I"D:/Microcontroller/STM32F40x/STM32F4_RTOS/RTOS_workspace/STM32_FreeRTOS_Bin_Sema_Tasks/Config" -I"D:/Microcontroller/STM32F40x/STM32F4_RTOS/RTOS_workspace/STM32_FreeRTOS_Bin_Sema_Tasks/Third-Party/FreeRTOS/org/Source/include" -I"D:/Microcontroller/STM32F40x/STM32F4_RTOS/RTOS_workspace/STM32_FreeRTOS_Bin_Sema_Tasks/Third-Party/FreeRTOS/org/Source/portable/GCC/ARM_CM4F" -I"D:/Microcontroller/STM32F40x/STM32F4_RTOS/RTOS_workspace/STM32_FreeRTOS_Bin_Sema_Tasks/Third-Party/SEGGER/Config" -I"D:/Microcontroller/STM32F40x/STM32F4_RTOS/RTOS_workspace/STM32_FreeRTOS_Bin_Sema_Tasks/Third-Party/SEGGER/OS" -I"D:/Microcontroller/STM32F40x/STM32F4_RTOS/RTOS_workspace/STM32_FreeRTOS_Bin_Sema_Tasks/Third-Party/SEGGER/SEGGER" -I"D:/Microcontroller/STM32F40x/STM32F4_RTOS/RTOS_workspace/STM32_FreeRTOS_Bin_Sema_Tasks/inc" -I"D:/Microcontroller/STM32F40x/STM32F4_RTOS/RTOS_workspace/STM32_FreeRTOS_Bin_Sema_Tasks/CMSIS/device" -I"D:/Microcontroller/STM32F40x/STM32F4_RTOS/RTOS_workspace/STM32_FreeRTOS_Bin_Sema_Tasks/CMSIS/core" -O0 -ffunction-sections -Wall -fstack-usage -fcyclomatic-complexity -MMD -MP -MF"StdPeriph_Driver/src/stm32f4xx_tim.d" -MT"StdPeriph_Driver/src/stm32f4xx_tim.o" --specs=nano.specs -mfpu=fpv4-sp-d16 -mfloat-abi=hard -mthumb -o "StdPeriph_Driver/src/stm32f4xx_tim.o"
arm-none-eabi-gcc "../StdPeriph_Driver/src/stm32f4xx_usart.c" -mcpu=cortex-m4 -std=gnu11 -g3 -DSTM32 -DSTM32F4 -DSTM32F446RETx -DNUCLEO_F446RE -DDEBUG -DSTM32F446xx -DUSE_STDPERIPH_DRIVER -c -I"D:/Microcontroller/STM32F40x/STM32F4_RTOS/RTOS_workspace/STM32_FreeRTOS_Bin_Sema_Tasks/StdPeriph_Driver/inc" -I"D:/Microcontroller/STM32F40x/STM32F4_RTOS/RTOS_workspace/STM32_FreeRTOS_Bin_Sema_Tasks/Config" -I"D:/Microcontroller/STM32F40x/STM32F4_RTOS/RTOS_workspace/STM32_FreeRTOS_Bin_Sema_Tasks/Third-Party/FreeRTOS/org/Source/include" -I"D:/Microcontroller/STM32F40x/STM32F4_RTOS/RTOS_workspace/STM32_FreeRTOS_Bin_Sema_Tasks/Third-Party/FreeRTOS/org/Source/portable/GCC/ARM_CM4F" -I"D:/Microcontroller/STM32F40x/STM32F4_RTOS/RTOS_workspace/STM32_FreeRTOS_Bin_Sema_Tasks/Third-Party/SEGGER/Config" -I"D:/Microcontroller/STM32F40x/STM32F4_RTOS/RTOS_workspace/STM32_FreeRTOS_Bin_Sema_Tasks/Third-Party/SEGGER/OS" -I"D:/Microcontroller/STM32F40x/STM32F4_RTOS/RTOS_workspace/STM32_FreeRTOS_Bin_Sema_Tasks/Third-Party/SEGGER/SEGGER" -I"D:/Microcontroller/STM32F40x/STM32F4_RTOS/RTOS_workspace/STM32_FreeRTOS_Bin_Sema_Tasks/inc" -I"D:/Microcontroller/STM32F40x/STM32F4_RTOS/RTOS_workspace/STM32_FreeRTOS_Bin_Sema_Tasks/CMSIS/device" -I"D:/Microcontroller/STM32F40x/STM32F4_RTOS/RTOS_workspace/STM32_FreeRTOS_Bin_Sema_Tasks/CMSIS/core" -O0 -ffunction-sections -Wall -fstack-usage -fcyclomatic-complexity -MMD -MP -MF"StdPeriph_Driver/src/stm32f4xx_usart.d" -MT"StdPeriph_Driver/src/stm32f4xx_usart.o" --specs=nano.specs -mfpu=fpv4-sp-d16 -mfloat-abi=hard -mthumb -o "StdPeriph_Driver/src/stm32f4xx_usart.o"
arm-none-eabi-gcc "../StdPeriph_Driver/src/stm32f4xx_wwdg.c" -mcpu=cortex-m4 -std=gnu11 -g3 -DSTM32 -DSTM32F4 -DSTM32F446RETx -DNUCLEO_F446RE -DDEBUG -DSTM32F446xx -DUSE_STDPERIPH_DRIVER -c -I"D:/Microcontroller/STM32F40x/STM32F4_RTOS/RTOS_workspace/STM32_FreeRTOS_Bin_Sema_Tasks/StdPeriph_Driver/inc" -I"D:/Microcontroller/STM32F40x/STM32F4_RTOS/RTOS_workspace/STM32_FreeRTOS_Bin_Sema_Tasks/Config" -I"D:/Microcontroller/STM32F40x/STM32F4_RTOS/RTOS_workspace/STM32_FreeRTOS_Bin_Sema_Tasks/Third-Party/FreeRTOS/org/Source/include" -I"D:/Microcontroller/STM32F40x/STM32F4_RTOS/RTOS_workspace/STM32_FreeRTOS_Bin_Sema_Tasks/Third-Party/FreeRTOS/org/Source/portable/GCC/ARM_CM4F" -I"D:/Microcontroller/STM32F40x/STM32F4_RTOS/RTOS_workspace/STM32_FreeRTOS_Bin_Sema_Tasks/Third-Party/SEGGER/Config" -I"D:/Microcontroller/STM32F40x/STM32F4_RTOS/RTOS_workspace/STM32_FreeRTOS_Bin_Sema_Tasks/Third-Party/SEGGER/OS" -I"D:/Microcontroller/STM32F40x/STM32F4_RTOS/RTOS_workspace/STM32_FreeRTOS_Bin_Sema_Tasks/Third-Party/SEGGER/SEGGER" -I"D:/Microcontroller/STM32F40x/STM32F4_RTOS/RTOS_workspace/STM32_FreeRTOS_Bin_Sema_Tasks/inc" -I"D:/Microcontroller/STM32F40x/STM32F4_RTOS/RTOS_workspace/STM32_FreeRTOS_Bin_Sema_Tasks/CMSIS/device" -I"D:/Microcontroller/STM32F40x/STM32F4_RTOS/RTOS_workspace/STM32_FreeRTOS_Bin_Sema_Tasks/CMSIS/core" -O0 -ffunction-sections -Wall -fstack-usage -fcyclomatic-complexity -MMD -MP -MF"StdPeriph_Driver/src/stm32f4xx_wwdg.d" -MT"StdPeriph_Driver/src/stm32f4xx_wwdg.o" --specs=nano.specs -mfpu=fpv4-sp-d16 -mfloat-abi=hard -mthumb -o "StdPeriph_Driver/src/stm32f4xx_wwdg.o"
arm-none-eabi-gcc -o "STM32_FreeRTOS_Bin_Sema_Tasks.elf" @"objects.list"   -mcpu=cortex-m4 -T"D:\Microcontroller\STM32F40x\STM32F4_RTOS\RTOS_workspace\STM32_FreeRTOS_Bin_Sema_Tasks\LinkerScript.ld" --specs=nosys.specs -Wl,-Map="STM32_FreeRTOS_Bin_Sema_Tasks.map" -Wl,--gc-sections -static --specs=nano.specs -mfpu=fpv4-sp-d16 -mfloat-abi=hard -mthumb -Wl,--start-group -lc -lm -Wl,--end-group
C:/ST/STM32CubeIDE_1.17.0/STM32CubeIDE/plugins/com.st.stm32cube.ide.mcu.externaltools.gnu-tools-for-stm32.12.3.rel1.win32_1.1.0.202410251130/tools/bin/../lib/gcc/arm-none-eabi/12.3.1/../../../../arm-none-eabi/bin/ld.exe: warning: STM32_FreeRTOS_Bin_Sema_Tasks.elf has a LOAD segment with RWX permissions
Finished building target: STM32_FreeRTOS_Bin_Sema_Tasks.elf
 
arm-none-eabi-size  STM32_FreeRTOS_Bin_Sema_Tasks.elf 
arm-none-eabi-objdump -h -S STM32_FreeRTOS_Bin_Sema_Tasks.elf  > "STM32_FreeRTOS_Bin_Sema_Tasks.list"
arm-none-eabi-objcopy  -O binary STM32_FreeRTOS_Bin_Sema_Tasks.elf  "STM32_FreeRTOS_Bin_Sema_Tasks.bin"
   text	   data	    bss	    dec	    hex	filename
  26392	    140	  88604	 115136	  1c1c0	STM32_FreeRTOS_Bin_Sema_Tasks.elf
Finished building: default.size.stdout
 
Finished building: STM32_FreeRTOS_Bin_Sema_Tasks.list
 
Finished building: STM32_FreeRTOS_Bin_Sema_Tasks.bin
 

21:30:33 Build Finished. 0 errors, 2 warnings. (took 3s.133ms)

